[dotnet.microsoft.com/en-us/index.html]
[backblue.gif]
[fade.gif]
[index.html]
[dotnet.microsoft.com/static/images/redesign/social/square.png]
[dotnet.microsoft.com/static/images/redesign/social/large.png]
[dotnet.microsoft.com/apple-touch-icon.png]
[dotnet.microsoft.com/static/css/global9c99.css]
[js.monitor.azure.com/scripts/c/ms.analytics-web-3.min.js]
[dotnet.microsoft.com/static/js/analytics.min8874.js]
[dotnet.microsoft.com/en-us/learn/dotnet/what-is-dotnet.html]
[dotnet.microsoft.com/en-us/platform/why-choose-dotnet.html]
[dotnet.microsoft.com/en-us/platform/customers.html]
[dotnet.microsoft.com/en-us/apps/aspnet.html]
[dotnet.microsoft.com/en-us/apps/aspnet/apis.html]
[dotnet.microsoft.com/en-us/apps/aspnet/web-apps/blazor.html]
[dotnet.microsoft.com/en-us/apps/aspnet/mvc.html]
[dotnet.microsoft.com/en-us/apps/aspnet/signalr.html]
[dotnet.microsoft.com/en-us/apps/aspnet/microservices.html]
[dotnet.microsoft.com/en-us/apps/maui.html]
[dotnet.microsoft.com/en-us/apps/desktop.html]
[dotnet.microsoft.com/en-us/apps/xamarin.html]
[dotnet.microsoft.com/en-us/languages/csharp.html]
[dotnet.microsoft.com/en-us/languages/fsharp.html]
[dotnet.microsoft.com/en-us/apps/cloud.html]
[dotnet.microsoft.com/en-us/apps/data.html]
[dotnet.microsoft.com/en-us/apps/machinelearning-ai.html]
[dotnet.microsoft.com/en-us/apps/games.html]
[dotnet.microsoft.com/en-us/apps/iot.html]
[dotnet.microsoft.com/en-us/platform/upgrade-assistant.html]
[dotnet.microsoft.com/en-us/learntocode.html]
[dotnet.microsoft.com/en-us/learn/videos.html]
[dotnet.microsoft.com/en-us/learn/dotnet/architecture-guides.html]
[dotnet.microsoft.com/en-us/learn.html]
[dotnet.microsoft.com/en-us/download.html]
[dotnet.microsoft.com/en-us/platform/community.html]
[dotnet.microsoft.com/en-us/live.html]
[dotnet.microsoft.com/static/js/alerts-banner.minc942.js]
[dotnet.microsoft.com/static/images/refresh/home-hero.png]
[dotnet.microsoft.com/en-us/apps/mobile.html]
[dotnet.microsoft.com/en-us/apps/aspnet/web-apps.html]
[dotnet.microsoft.com/static/images/refresh/globe.png]
[dotnet.microsoft.com/static/images/refresh/productive.png]
[dotnet.microsoft.com/blob-assets/images/customers/chipotle.png]
[dotnet.microsoft.com/blob-assets/images/customers/nbc-sports-next-light.png]
[dotnet.microsoft.com/blob-assets/images/customers/microsoft-teams-logo.png]
[dotnet.microsoft.com/blob-assets/images/customers/siemens.png]
[dotnet.microsoft.com/blob-assets/images/customers/ge-aviation.png]
[dotnet.microsoft.com/blob-assets/images/customers/bing-logo.png]
[dotnet.microsoft.com/blob-assets/images/customers/tencent.png]
[dotnet.microsoft.com/static/js/footer.minbb93.js]
[dotnet.microsoft.com/static/js/culture-selector.min31da.js]
[dotnet.microsoft.com/en-us/learn/aspnet/what-is-aspnet-core.html]
[dotnet.microsoft.com/en-us/platform/support.html]
[dotnet.microsoft.com/static/js/theme-toggle.min66fc.js]
[dotnet.microsoft.com/static/js/general.mind0ec.js]
[dotnet.microsoft.com/static/js/cookie-consent.min89fa.js]
[dotnet.microsoft.com/static/js/main.min85d5.js]
[wcpstatic.microsoft.com/mscc/lib/v2/wcp-consent.js]
[js.monitor.azure.com/scripts/b/ai.2.min.js]
[dotnet.microsoft.com/static/js/cda-tracker.mine92b.js]
[dotnet.microsoft.com/static/js/horizontal-scroll.mina3a3.js]
[dotnet.microsoft.com/en-us/index.html]
[dotnet.microsoft.com/static/css/global9c99.css]
[dotnet.microsoft.com/static/js/carousel.min4307.js]
[dotnet.microsoft.com/static/css/bootstrap-custom.min8a2c.css]
[dotnet.microsoft.com/en-us/learn/dotnet/what-is-dotnet.html]
[dotnet.microsoft.com/en-us/platform/tools.html]
[dotnet.microsoft.com/en-us/platform/why-choose-dotnet.html]
[dotnet.microsoft.com/en-us/platform/open-source.html]
[dotnet.microsoft.com/en-us/platform/customers/net.html]
[dotnet.microsoft.com/en-us/platform/customers/aspnet.html]
[dotnet.microsoft.com/en-us/platform/customers/blazor.html]
[dotnet.microsoft.com/en-us/platform/customers/mlnet.html]
[dotnet.microsoft.com/en-us/platform/customers/maui.html]
[dotnet.microsoft.com/en-us/platform/customers/burnrate.html]
[dotnet.microsoft.com/en-us/platform/customers/escola-agil.html]
[dotnet.microsoft.com/en-us/platform/customers/nopcommerce.html]
[dotnet.microsoft.com/en-us/platform/customers/sig-parser.html]
[dotnet.microsoft.com/en-us/platform/customers/showorks.html]
[dotnet.microsoft.com/en-us/platform/customers/asgard-systems.html]
[dotnet.microsoft.com/en-us/platform/customers/endjin.html]
[dotnet.microsoft.com/en-us/platform/customers/microsoft-real-estate-and-security.html]
[dotnet.microsoft.com/en-us/platform/customers/power-bi.html]
[dotnet.microsoft.com/en-us/platform/customers/hmri.html]
[dotnet.microsoft.com/en-us/platform/customers/williams-mullen.html]
[dotnet.microsoft.com/en-us/platform/customers/microsoft-defender.html]
[dotnet.microsoft.com/en-us/platform/customers/aveva.html]
[dotnet.microsoft.com/en-us/platform/customers/microsoft-teams-middletier.html]
[dotnet.microsoft.com/en-us/platform/customers/camera-futura.html]
[dotnet.microsoft.com/en-us/platform/customers/voodooshield.html]
[dotnet.microsoft.com/en-us/platform/customers/brenmor.html]
[dotnet.microsoft.com/en-us/platform/customers/evolution-software.html]
[dotnet.microsoft.com/en-us/platform/customers/scancam.html]
[dotnet.microsoft.com/en-us/platform/customers.html]
[dotnet.microsoft.com/static/js/info-card.min5f85.js]
[dotnet.microsoft.com/en-us/learn/aspnet/blazor-tutorial/intro.html]
[dotnet.microsoft.com/en-us/learn/aspnet.html]
[dotnet.microsoft.com/en-us/apps/aspnet.html]
[dotnet.microsoft.com/en-us/apps/aspnet/hosting.html]
[dotnet.microsoft.com/static/css/prism-custom.mina01d.css]
[dotnet.microsoft.com/en-us/apps/aspnet/apis.html]
[dotnet.microsoft.com/static/js/prism.min5d19.js]
[dotnet.microsoft.com/static/images/refresh/blazor-hero.png]
[dotnet.microsoft.com/static/images/refresh/native-web.png]
[dotnet.microsoft.com/en-us/apps/aspnet/web-apps/blazor.html]
[dotnet.microsoft.com/en-us/apps/aspnet/mvc.html]
[dotnet.microsoft.com/en-us/apps/aspnet/signalr.html]
[dotnet.microsoft.com/en-us/apps/aspnet/signalr/service.html]
[dotnet.microsoft.com/en-us/learn/aspnet/microservice-tutorial/intro.html]
[dotnet.microsoft.com/en-us/learn/aspnet/microservices-architecture.html]
[dotnet.microsoft.com/en-us/apps/cloud/migrate-to-azure.html]
[dotnet.microsoft.com/en-us/download/e-book/microservices-architecture/pdf.html]
[dotnet.microsoft.com/en-us/download/e-book/microservices-devops/pdf.html]
[dotnet.microsoft.com/en-us/apps/aspnet/microservices.html]
[dotnet.microsoft.com/en-us/download/e-book/modernizing-existing-net-apps/pdf.html]
[dotnet.microsoft.com/en-us/learn/maui/first-app-tutorial/intro.html]
[dotnet.microsoft.com/static/images/refresh/maui-hero.png]
[dotnet.microsoft.com/en-us/apps/maui.html]
[dotnet.microsoft.com/en-us/apps/desktop.html]
[dotnet.microsoft.com/en-us/learn/maui.html]
[dotnet.microsoft.com/en-us/platform/support/policy/xamarin.html]
[dotnet.microsoft.com/static/images/maui/dotnet-podcastsc240.png]
[dotnet.microsoft.com/en-us/apps/xamarin.html]
[dotnet.microsoft.com/en-us/languages.html]
[dotnet.microsoft.com/en-us/learn/dotnet/in-browser-tutorial/1.html]
[dotnet.microsoft.com/en-us/platform/try-dotnet.html]
[dotnet.microsoft.com/static/images/csharp-tooling-features410f.png]
[dotnet.microsoft.com/static/js/code-runner.min4499.js]
[dotnet.microsoft.com/en-us/languages/csharp.html]
[dotnet.microsoft.com/static/js/csharp-features.mind5f2.js]
[dotnet.microsoft.com/en-us/learn/languages/fsharp-hello-world-tutorial/intro.html]
[dotnet.microsoft.com/en-us/learn/fsharp.html]
[dotnet.microsoft.com/en-us/languages/fsharp.html]
[dotnet.microsoft.com/en-us/languages/fsharp/tools.html]
[dotnet.microsoft.com/static/images/refresh/cloudnative-hero.png]
[dotnet.microsoft.com/static/images/refresh/cloud-graphic.png]
[dotnet.microsoft.com/en-us/download/e-book/cloud-native-azure/pdf.html]
[dotnet.microsoft.com/static/images/refresh/arch-cloud-native-ebook.png]
[dotnet.microsoft.com/static/images/refresh/arch-container-apps-ebook.png]
[dotnet.microsoft.com/static/images/refresh/docker-app-lifecycle-ebook.png]
[dotnet.microsoft.com/static/images/refresh/bot-planet.png]
[dotnet.microsoft.com/static/images/refresh/cards/accent-3.png]
[dotnet.microsoft.com/static/images/refresh/cards/accent-1.png]
[dotnet.microsoft.com/static/images/refresh/cards/accent-2.png]
[dotnet.microsoft.com/en-us/apps/cloud.html]
[dotnet.microsoft.com/static/images/refresh/data/integration.png]
[dotnet.microsoft.com/static/images/refresh/data/onboarding.png]
[dotnet.microsoft.com/static/images/refresh/data/ecosystem.png]
[dotnet.microsoft.com/static/images/refresh/data/compatibility.png]
[dotnet.microsoft.com/static/images/refresh/data/device.png]
[dotnet.microsoft.com/static/images/refresh/data/chipotle.png]
[dotnet.microsoft.com/static/images/refresh/data/irth.png]
[dotnet.microsoft.com/static/images/refresh/data/thepostage.png]
[dotnet.microsoft.com/en-us/apps/data.html]
[dotnet.microsoft.com/static/js/slider.min1346.js]
[dotnet.microsoft.com/en-us/apps/machinelearning-ai/ml-dotnet.html]
[dotnet.microsoft.com/en-us/apps/machinelearning-ai.html]
[dotnet.microsoft.com/static/js/learn-mlai.min84f8.js]
[dotnet.microsoft.com/en-us/learn/games/unity-tutorial/intro.html]
[dotnet.microsoft.com/en-us/apps/games/engines.html]
[dotnet.microsoft.com/en-us/apps/games/services.html]
[dotnet.microsoft.com/en-us/apps/games/tools.html]
[dotnet.microsoft.com/en-us/apps/games.html]
[dotnet.microsoft.com/en-us/apps/games/ecosystem.html]
[dotnet.microsoft.com/en-us/apps/iot.html]
[dotnet.microsoft.com/en-us/learn/iot.html]
[dotnet.microsoft.com/static/images/upgrade-assistant-clid5ca.png]
[dotnet.microsoft.com/en-us/download/e-book/porting-aspnet-apps/pdf.html]
[dotnet.microsoft.com/en-us/platform/upgrade-assistant.html]
[dotnet.microsoft.com/en-us/download/e-book/modernizing-existing-desktop-apps/pdf.html]
[dotnet.microsoft.com/en-us/learntocode.html]
[dotnet.microsoft.com/static/js/download.minf845.js]
[dotnet.microsoft.com/en-us/learn/videos.html]
[dotnet.microsoft.com/static/js/listen-post-message-iframe.minf16b.js]
[dotnet.microsoft.com/en-us/learn/aspnet/devops.html]
[dotnet.microsoft.com/en-us/learn/azure/architecture.html]
[dotnet.microsoft.com/en-us/learn/aspnet/architecture.html]
[dotnet.microsoft.com/en-us/learn/maui/architecture.html]
[dotnet.microsoft.com/en-us/learn/dotnet/architecture-guides.html]
[dotnet.microsoft.com/en-us/learn/desktop/architecture.html]
[dotnet.microsoft.com/en-us/learn/dotnet/hello-world-tutorial/intro.html]
[dotnet.microsoft.com/en-us/learn/ml-dotnet/get-started-tutorial/intro.html]
[dotnet.microsoft.com/en-us/learn/games.html]
[dotnet.microsoft.com/en-us/learn/ml-dotnet.html]
[dotnet.microsoft.com/en-us/learn/microservices.html]
[dotnet.microsoft.com/en-us/learn.html]
[dotnet.microsoft.com/en-us/learn/csharp.html]
[dotnet.microsoft.com/en-us/download/dotnet/9.html]
[dotnet.microsoft.com/en-us/download/dotnet/thank-you/sdk-8.0.html]
[dotnet.microsoft.com/en-us/download/dotnet/thank-you/sdk-8.0-2.html]
[dotnet.microsoft.com/en-us/download/dotnet/thank-you/sdk-8.0-3.html]
[dotnet.microsoft.com/en-us/download/dotnet/8.html]
[dotnet.microsoft.com/en-us/download/dotnet.html]
[dotnet.microsoft.com/en-us/download/dotnet/thank-you/sdk-8.0-4.html]
[dotnet.microsoft.com/en-us/download/dotnet/thank-you/sdk-8.0-5.html]
[dotnet.microsoft.com/en-us/download/dotnet-framework.html]
[dotnet.microsoft.com/en-us/download.html]
[dotnet.microsoft.com/en-us/platform/community.html]
[dotnet.microsoft.com/static/js/os-toggle.mina9bd.js]
[i.ytimg.com/vi/iU3dSjgvZDU/mqdefault_live.jpg]
[dotnet.microsoft.com/static/images/livetv/chat-youtube.png]
[dotnet.microsoft.com/en-us/live/csharpfritz.html]
[i.ytimg.com/vi/_eNPkrTuLvE/mqdefault_live.jpg]
[dotnet.microsoft.com/en-us/live/community-standup.html]
[i.ytimg.com/vi/b58K9vBjlIM/mqdefault_live.jpg]
[i.ytimg.com/vi/RKdM8d3unTY/mqdefault_live.jpg]
[dotnet.microsoft.com/en-us/live/vs-toolbox.html]
[i.ytimg.com/vi/cIzuhlkPvTI/mqdefault_live.jpg]
[dotnet.microsoft.com/en-us/live/on-dotnet-live.html]
[i.ytimg.com/vi/nyqjpL1Wt68/mqdefault_live.jpg]
[dotnet.microsoft.com/en-us/live/lets-learn-dotnet.html]
[i.ytimg.com/vi/AWcNXeEnWts/mqdefault_live.jpg]
[dotnetwebsitestorage.blob.core.windows.net/blob-assets/images/live/lets-learn-dotnet.png]
[dotnetwebsitestorage.blob.core.windows.net/blob-assets/images/live/csharpfritz.png]
[dotnetwebsitestorage.blob.core.windows.net/blob-assets/images/live/community-standup.png]
[dotnetwebsitestorage.blob.core.windows.net/blob-assets/images/live/on-dotnet-live.png]
[dotnetwebsitestorage.blob.core.windows.net/blob-assets/images/live/vs-toolbox.png]
[dotnet.microsoft.com/en-us/live/burke-learns-blazor.html]
[dotnetwebsitestorage.blob.core.windows.net/blob-assets/images/live/burke-learns-blazor.png]
[dotnet.microsoft.com/_framework/blazor.webassembly.js]
[dotnet.microsoft.com/en-us/live.html]
[dotnet.microsoft.com/static/js/live.min29d7.js]
[dotnet.microsoft.com/static/images/xamarin/ios-apps19c0.png]
[dotnet.microsoft.com/static/images/xamarin/screenshot-vs-windows-mac2b52.png]
[dotnet.microsoft.com/en-us/apps/mobile.html]
[dotnet.microsoft.com/en-us/apps/aspnet/web-apps.html]
[dotnet.microsoft.com/en-us/platform/support/policy/dotnet-core.html]
[dotnet.microsoft.com/en-us/learn/aspnet/what-is-aspnet.html]
[dotnet.microsoft.com/static/images/illustrations/microsoft-gray.png]
[dotnet.microsoft.com/en-us/learn/aspnet/what-is-aspnet-core.html]
[dotnet.microsoft.com/en-us/platform/support.html]
[dotnet.microsoft.com/en-us/platform/support/policy.html]
[dotnet.microsoft.com/static/images/redesign/why-customer-13860.jpg]
[dotnet.microsoft.com/static/images/redesign/why-customer-23860.jpg]
[dotnet.microsoft.com/static/images/redesign/why-customer-33860.jpg]
[dotnet.microsoft.com/static/images/redesign/why-customer-45e1f.jpg]
[dotnet.microsoft.com/static/images/redesign/home-hero-bg.png]
[dotnet.microsoft.com/static/images/redesign/search.png]
[dotnet.microsoft.com/static/images/anniversary/anniversary-bg.png]
[dotnet.microsoft.com/static/images/anniversary/anniversary-mod-bot-bg.png]
[dotnet.microsoft.com/static/css/bootstrap-custom.min8a2c.css]
[dotnet.microsoft.com/en-us/platform/tools.html]
[dotnet.microsoft.com/en-us/platform/open-source.html]
[dotnet.microsoft.com/en-us/platform/customers/net.html]
[dotnet.microsoft.com/en-us/platform/customers/aspnet.html]
[dotnet.microsoft.com/en-us/platform/customers/blazor.html]
[dotnet.microsoft.com/en-us/platform/customers/mlnet.html]
[dotnet.microsoft.com/en-us/platform/customers/maui.html]
[dotnet.microsoft.com/blob-assets/images/customers/burnrate.png]
[dotnet.microsoft.com/en-us/platform/customers/burnrate.html]
[dotnet.microsoft.com/en-us/platform/customers/escola-agil.html]
[dotnet.microsoft.com/blob-assets/images/customers/nopcommerce.png]
[dotnet.microsoft.com/en-us/platform/customers/nopcommerce.html]
[dotnet.microsoft.com/blob-assets/images/customers/sig-parser.png]
[dotnet.microsoft.com/static/images/customers/sig-parser/parsing7696.png]
[dotnet.microsoft.com/en-us/platform/customers/sig-parser.html]
[dotnet.microsoft.com/blob-assets/images/customers/showorks.png]
[dotnet.microsoft.com/en-us/platform/customers/showorks.html]
[dotnet.microsoft.com/blob-assets/images/customers/asgard-systems.jpg]
[dotnet.microsoft.com/en-us/platform/customers/asgard-systems.html]
[dotnet.microsoft.com/blob-assets/images/customers/endjin.png]
[dotnet.microsoft.com/en-us/platform/customers/endjin.html]
[dotnet.microsoft.com/blob-assets/images/customers/microsoft-res.png]
[dotnet.microsoft.com/static/images/customers/microsoft/real-estate-and-security/res-building-lab7b2b.png]
[dotnet.microsoft.com/en-us/platform/customers/microsoft-real-estate-and-security.html]
[dotnet.microsoft.com/blob-assets/images/customers/power-bi.png]
[dotnet.microsoft.com/static/images/customers/microsoft/power-bi/key-influencers-screencb4a.png]
[dotnet.microsoft.com/en-us/platform/customers/power-bi.html]
[dotnet.microsoft.com/en-us/learn/dotnet/what-is-dotnet-framework.html]
[dotnet.microsoft.com/blob-assets/images/customers/hmri.png]
[dotnet.microsoft.com/en-us/platform/customers/hmri.html]
[dotnet.microsoft.com/en-us/apps/machinelearning-ai/ml-dotnet/model-builder.html]
[dotnet.microsoft.com/blob-assets/images/customers/williams-mullen.png]
[dotnet.microsoft.com/en-us/platform/customers/williams-mullen.html]
[dotnet.microsoft.com/blob-assets/images/customers/microsoft-defender.png]
[dotnet.microsoft.com/static/images/customers/microsoft/defender/defender-portala3d2.png]
[dotnet.microsoft.com/en-us/platform/customers/microsoft-defender.html]
[dotnet.microsoft.com/blob-assets/images/customers/aveva.png]
[dotnet.microsoft.com/en-us/platform/customers/aveva.html]
[dotnet.microsoft.com/blob-assets/images/customers/microsoft-teams.png]
[dotnet.microsoft.com/en-us/platform/customers/microsoft-teams-middletier.html]
[dotnet.microsoft.com/blob-assets/images/customers/camera-futura.png]
[dotnet.microsoft.com/static/images/customers/camera-futura/futura-photo16030.png]
[dotnet.microsoft.com/en-us/platform/customers/camera-futura.html]
[dotnet.microsoft.com/blob-assets/images/customers/voodooshield.png]
[dotnet.microsoft.com/static/images/customers/voodooshield/voodooshield-settings69f2.png]
[dotnet.microsoft.com/en-us/platform/customers/voodooshield.html]
[dotnet.microsoft.com/blob-assets/images/customers/brenmor.png]
[dotnet.microsoft.com/static/images/customers/brenmor/phone-surveya9f4.png]
[dotnet.microsoft.com/en-us/platform/customers/brenmor.html]
[dotnet.microsoft.com/blob-assets/images/customers/evolution-software.png]
[dotnet.microsoft.com/en-us/platform/customers/evolution-software.html]
[dotnet.microsoft.com/blob-assets/images/customers/scancam.png]
[dotnet.microsoft.com/static/images/customers/scancam/scancam-ipad-forecourt864d.jpg]
[dotnet.microsoft.com/en-us/platform/customers/scancam.html]
[dotnet.microsoft.com/en-us/learn/aspnet/blazor-tutorial/intro5634.html]
[dotnet.microsoft.com/en-us/learn/aspnet/blazor-tutorial/intro1487.html]
[dotnet.microsoft.com/en-us/learn/aspnet/blazor-tutorial/introb447.html]
[dotnet.microsoft.com/en-us/learn/aspnet/blazor-tutorial/install.html]
[dotnet.microsoft.com/en-us/learn/aspnet/blazor-tutorial/create.html]
[dotnet.microsoft.com/en-us/learn/aspnet/blazor-tutorial/run.html]
[dotnet.microsoft.com/en-us/learn/aspnet/blazor-tutorial/try.html]
[dotnet.microsoft.com/en-us/learn/aspnet/blazor-tutorial/add.html]
[dotnet.microsoft.com/en-us/learn/aspnet/blazor-tutorial/modify.html]
[dotnet.microsoft.com/en-us/learn/aspnet/blazor-tutorial/next.html]
[dotnet.microsoft.com/en-us/learn/aspnet/blazor-cli-tutorial/intro.html]
[dotnet.microsoft.com/static/images/community/github-mark.png]
[dotnet.microsoft.com/static/js/tutorial.min0f8b.js]
[dotnet.microsoft.com/static/js/dotnet-core-linux-install.min0dd1.js]
[dotnet.microsoft.com/en-us/learn/aspnet/blazor-tutorial/intro.html]
[dotnet.microsoft.com/en-us/learn/aspnet.html]
[dotnet.microsoft.com/en-us/apps/aspnet/hosting.html]
[dotnet.microsoft.com/static/css/prism-custom.mina01d.css]
[dotnet.microsoft.com/en-us/apps/aspnet/signalr/service.html]
[dotnet.microsoft.com/static/js/report-an-issue.mina61c.js]
[dotnet.microsoft.com/en-us/learn/aspnet/microservice-tutorial/intro5634.html]
[dotnet.microsoft.com/en-us/learn/aspnet/microservice-tutorial/intro1487.html]
[dotnet.microsoft.com/en-us/learn/aspnet/microservice-tutorial/introb447.html]
[dotnet.microsoft.com/en-us/learn/aspnet/microservice-tutorial/install.html]
[dotnet.microsoft.com/en-us/learn/aspnet/microservice-tutorial/create.html]
[dotnet.microsoft.com/en-us/learn/aspnet/microservice-tutorial/run.html]
[dotnet.microsoft.com/en-us/learn/aspnet/microservice-tutorial/install-docker.html]
[dotnet.microsoft.com/en-us/learn/aspnet/microservice-tutorial/docker-file.html]
[dotnet.microsoft.com/en-us/learn/aspnet/microservice-tutorial/docker-image.html]
[dotnet.microsoft.com/en-us/learn/aspnet/microservice-tutorial/next.html]
[dotnet.microsoft.com/en-us/learn/aspnet/microservice-tutorial/run-docker.html]
[dotnet.microsoft.com/en-us/learn/aspnet/microservice-tutorial/intro.html]
[dotnet.microsoft.com/en-us/learn/aspnet/deploy-microservice-tutorial/intro.html]
[dotnet.microsoft.com/en-us/learn/aspnet/microservices-architecture.html]
[dotnet.microsoft.com/en-us/apps/cloud/migrate-to-azure.html]
[dotnet.microsoft.com/en-us/download/e-book/microservices-architecture/pdf.html]
[dotnet.microsoft.com/en-us/download/e-book/microservices-devops/pdf.html]
[dotnet.microsoft.com/en-us/download/e-book/modernizing-existing-net-apps/pdf.html]
[dotnet.microsoft.com/en-us/download/e-book/dapr/pdf.html]
[dotnet.microsoft.com/en-us/download/e-book/azure-quick-start/pdf.html]
[dotnet.microsoft.com/en-us/learn/maui/first-app-tutorial/intro5634.html]
[dotnet.microsoft.com/en-us/learn/maui/first-app-tutorial/introb447.html]
[dotnet.microsoft.com/en-us/learn/maui/first-app-tutorial/install.html]
[dotnet.microsoft.com/en-us/learn/maui/first-app-tutorial/create.html]
[dotnet.microsoft.com/en-us/learn/maui/first-app-tutorial/run.html]
[dotnet.microsoft.com/en-us/learn/maui/first-app-tutorial/modify.html]
[dotnet.microsoft.com/en-us/learn/maui/first-app-tutorial/device-setup.html]
[dotnet.microsoft.com/en-us/learn/maui/first-app-tutorial/next.html]
[dotnet.microsoft.com/static/images/maui/vscode-new-maui-appeeb7.png]
[dotnet.microsoft.com/en-us/learn/maui/first-app-tutorial/intro.html]
[dotnet.microsoft.com/en-us/learn/maui.html]
[dotnet.microsoft.com/en-us/platform/support/policy/xamarin.html]
[dotnet.microsoft.com/en-us/languages.html]
[dotnet.microsoft.com/static/js/languages.minaecf.js]
[dotnet.microsoft.com/en-us/learn/dotnet/in-browser-tutorial/1.html]
[dotnet.microsoft.com/static/js/in-browser-tutorial.minaaab.js]
[dotnet.microsoft.com/en-us/platform/try-dotnet/features.html]
[dotnet.microsoft.com/en-us/platform/try-dotnet.html]
[dotnet.microsoft.com/static/js/try-dotnet.minf488.js]
[dotnet.microsoft.com/en-us/learn/languages/fsharp-hello-world-tutorial/intro5634.html]
[dotnet.microsoft.com/en-us/learn/languages/fsharp-hello-world-tutorial/intro1487.html]
[dotnet.microsoft.com/en-us/learn/languages/fsharp-hello-world-tutorial/introb447.html]
[dotnet.microsoft.com/en-us/learn/languages/fsharp-hello-world-tutorial/install.html]
[dotnet.microsoft.com/en-us/learn/languages/fsharp-hello-world-tutorial/create.html]
[dotnet.microsoft.com/en-us/learn/languages/fsharp-hello-world-tutorial/run.html]
[dotnet.microsoft.com/en-us/learn/languages/fsharp-hello-world-tutorial/intro.html]
[dotnet.microsoft.com/en-us/learn/fsharp.html]
[dotnet.microsoft.com/en-us/languages/fsharp/tools.html]
[dotnet.microsoft.com/en-us/download/e-book/cloud-native-azure/pdf.html]
[dotnet.microsoft.com/en-us/learn/languages/fsharp-hello-world-tutorial/modify.html]
[dotnet.microsoft.com/en-us/learn/languages/fsharp-hello-world-tutorial/next.html]
[dotnet.microsoft.com/en-us/learn/ml-dotnet/what-is-mldotnet.html]
[dotnet.microsoft.com/static/images/ml-dotnet-model-builder29f8.gif]
[dotnet.microsoft.com/en-us/apps/machinelearning-ai/ml-dotnet.html]
[dotnet.microsoft.com/en-us/learn/games/unity-tutorial/intro5634.html]
[dotnet.microsoft.com/en-us/learn/games/unity-tutorial/introb447.html]
[dotnet.microsoft.com/en-us/learn/games/unity-tutorial/install.html]
[dotnet.microsoft.com/en-us/learn/games/unity-tutorial/create-project.html]
[dotnet.microsoft.com/en-us/learn/games/unity-tutorial/create-cube.html]
[dotnet.microsoft.com/en-us/learn/games/unity-tutorial/add.html]
[dotnet.microsoft.com/en-us/learn/games/unity-tutorial/modify.html]
[dotnet.microsoft.com/en-us/learn/games/unity-tutorial/run.html]
[dotnet.microsoft.com/static/images/games/unity-tutorial/cube1fae.png]
[dotnet.microsoft.com/en-us/learn/games/unity-tutorial/intro.html]
[dotnet.microsoft.com/en-us/learn/games/unity-tutorial/next.html]
[dotnet.microsoft.com/static/images/games/unity/unity-engine-ninja-swimlane699f.png]
[dotnet.microsoft.com/en-us/apps/games/unity.html]
[dotnet.microsoft.com/static/images/games/unigine-light.png]
[dotnet.microsoft.com/en-us/apps/games/engines.html]
[dotnet.microsoft.com/static/images/games/azure-logo-horizontal.png]
[dotnet.microsoft.com/en-us/apps/games/services.html]
[dotnet.microsoft.com/static/images/games/microsoft-visualstudio-logo.png]
[dotnet.microsoft.com/en-us/apps/games/tools.html]
[dotnet.microsoft.com/en-us/apps/games/ecosystem.html]
[dotnet.microsoft.com/en-us/learn/iot.html]
[dotnet.microsoft.com/en-us/download/e-book/porting-aspnet-apps/pdf.html]
[dotnet.microsoft.com/en-us/download/e-book/modernizing-existing-desktop-apps/pdf.html]
[dotnet.microsoft.com/en-us/learn/aspnet/devops.html]
[dotnet.microsoft.com/en-us/download/e-book/aspnet/pdf.html]
[dotnet.microsoft.com/en-us/learn/azure/architecture.html]
[dotnet.microsoft.com/en-us/download/e-book/serverless-apps-architecture/pdf.html]
[dotnet.microsoft.com/en-us/learn/aspnet/architecture.html]
[dotnet.microsoft.com/en-us/learn/maui/architecture.html]
[dotnet.microsoft.com/en-us/learn/desktop/architecture.html]
[dotnet.microsoft.com/en-us/download/e-book/grpc-for-wcf-devs/pdf.html]
[dotnet.microsoft.com/en-us/learn/dotnet/hello-world-tutorial/intro5634.html]
[dotnet.microsoft.com/en-us/learn/dotnet/hello-world-tutorial/introb447.html]
[dotnet.microsoft.com/en-us/learn/dotnet/hello-world-tutorial/create.html]
[dotnet.microsoft.com/en-us/learn/dotnet/hello-world-tutorial/edit.html]
[dotnet.microsoft.com/en-us/learn/dotnet/hello-world-tutorial/intro.html]
[dotnet.microsoft.com/en-us/learn/ml-dotnet/get-started-tutorial/intro5634.html]
[dotnet.microsoft.com/en-us/learn/ml-dotnet/get-started-tutorial/intro1487.html]
[dotnet.microsoft.com/en-us/learn/ml-dotnet/get-started-tutorial/install.html]
[dotnet.microsoft.com/en-us/learn/ml-dotnet/get-started-tutorial/scenario.html]
[dotnet.microsoft.com/en-us/learn/ml-dotnet/get-started-tutorial/train.html]
[dotnet.microsoft.com/en-us/learn/ml-dotnet/get-started-tutorial/generate-code.html]
[dotnet.microsoft.com/en-us/learn/ml-dotnet/get-started-tutorial/intro.html]
[dotnet.microsoft.com/en-us/learn/games.html]
[dotnet.microsoft.com/en-us/learn/ml-dotnet.html]
[dotnet.microsoft.com/en-us/learn/microservices.html]
[dotnet.microsoft.com/en-us/learn/csharp.html]
[dotnet.microsoft.com/en-us/download/dotnet/9.html]
[dotnet.microsoft.com/en-us/learn/ml-dotnet/get-started-tutorial/next.html]
[dotnet.microsoft.com/static/images/redesign/download/thank-you/get-started9204.png]
[dotnet.microsoft.com/en-us/download/dotnet/thank-you/sdk-8.0.html]
[dotnet.microsoft.com/en-us/download/dotnet/thank-you/sdk-8.0-2.html]
[dotnet.microsoft.com/en-us/download/dotnet/thank-you/sdk-8.0-3.html]
[dotnet.microsoft.com/en-us/download/dotnet/8.html]
[dotnet.microsoft.com/en-us/learn/dotnet/hello-world-tutorial/intro2899.html]
[dotnet.microsoft.com/en-us/download/dotnet/5.html]
[dotnet.microsoft.com/en-us/download/dotnet/3.html]
[dotnet.microsoft.com/en-us/download/dotnet/2.html]
[dotnet.microsoft.com/en-us/download/dotnet/2-3.html]
[dotnet.microsoft.com/en-us/download/dotnet.html]
[dotnet.microsoft.com/en-us/download/dotnet/1-2.html]
[dotnet.microsoft.com/static/images/redesign/download/thank-you/sdk-verify-macos0014.png]
[dotnet.microsoft.com/en-us/download/dotnet/thank-you/sdk-8.0-4.html]
[dotnet.microsoft.com/en-us/download/dotnet/thank-you/sdk-8.0-5.html]
[dotnet.microsoft.com/en-us/download/dotnet-framework/net472.html]
[dotnet.microsoft.com/en-us/download/dotnet-framework/net471.html]
[dotnet.microsoft.com/en-us/download/dotnet-framework/net462.html]
[dotnet.microsoft.com/en-us/download/dotnet-framework/net46.html]
[dotnet.microsoft.com/en-us/download/dotnet-framework/net452.html]
[dotnet.microsoft.com/en-us/download/dotnet-framework.html]
[dotnet.microsoft.com/en-us/live/csharpfritz.html]
[dotnet.microsoft.com/en-us/live/community-standup.html]
[dotnet.microsoft.com/en-us/live/vs-toolbox.html]
[dotnet.microsoft.com/en-us/live/on-dotnet-live.html]
[dotnet.microsoft.com/en-us/live/lets-learn-dotnet.html]
[dotnet.microsoft.com/en-us/live/burke-learns-blazor.html]
[dotnet.microsoft.com/en-us/learn/aspnet/what-is-aspnet.html]
[dotnet.microsoft.com/en-us/download/dotnet-framework/net45.html]
[dotnet.microsoft.com/en-us/platform/support/policy/dotnet-core.html]
[dotnet.microsoft.com/en-us/platform/support/policy/aspnet.html]
[dotnet.microsoft.com/en-us/platform/support/policy/aspnet/2.html]
[dotnet.microsoft.com/en-us/platform/support/policy/dotnet-framework.html]
[dotnet.microsoft.com/en-us/platform/support/policy/maui.html]
[dotnet.microsoft.com/en-us/platform/support/policy/wcf-client.html]
[dotnet.microsoft.com/en-us/platform/support/policy.html]
[dotnet.microsoft.com/en-us/platform/support/policy/corewcf.html]
[dotnet.microsoft.com/en-us/learn/dotnet/what-is-dotnet-framework.html]
[dotnet.microsoft.com/en-us/apps/machinelearning-ai/ml-dotnet/model-builder.html]
[dotnet.microsoft.com/en-us/learn/aspnet/blazor-tutorial/intro5634.html]
[dotnet.microsoft.com/en-us/learn/aspnet/blazor-tutorial/intro1487.html]
[dotnet.microsoft.com/en-us/learn/aspnet/blazor-tutorial/introb447.html]
[dotnet.microsoft.com/en-us/platform/dotnet-standard.html]
[dotnet.microsoft.com/en-us/learn/aspnet/blazor-tutorial/install5634.html]
[dotnet.microsoft.com/en-us/learn/aspnet/blazor-tutorial/install1487.html]
[dotnet.microsoft.com/en-us/learn/aspnet/blazor-tutorial/install.html]
[dotnet.microsoft.com/en-us/learn/aspnet/blazor-tutorial/installb447.html]
[dotnet.microsoft.com/en-us/learn/aspnet/blazor-tutorial/create5634.html]
[dotnet.microsoft.com/en-us/learn/aspnet/blazor-tutorial/create1487.html]
[dotnet.microsoft.com/en-us/learn/aspnet/blazor-tutorial/create.html]
[dotnet.microsoft.com/en-us/learn/aspnet/blazor-tutorial/createb447.html]
[dotnet.microsoft.com/en-us/learn/aspnet/blazor-tutorial/run5634.html]
[dotnet.microsoft.com/en-us/learn/aspnet/blazor-tutorial/run1487.html]
[dotnet.microsoft.com/en-us/learn/aspnet/blazor-tutorial/run.html]
[dotnet.microsoft.com/en-us/learn/aspnet/blazor-tutorial/runb447.html]
[dotnet.microsoft.com/en-us/learn/aspnet/blazor-tutorial/try5634.html]
[dotnet.microsoft.com/en-us/learn/aspnet/blazor-tutorial/try1487.html]
[dotnet.microsoft.com/en-us/learn/aspnet/blazor-tutorial/try.html]
[dotnet.microsoft.com/en-us/learn/aspnet/blazor-tutorial/tryb447.html]
[dotnet.microsoft.com/en-us/learn/aspnet/blazor-tutorial/add5634.html]
[dotnet.microsoft.com/en-us/learn/aspnet/blazor-tutorial/add1487.html]
[dotnet.microsoft.com/en-us/learn/aspnet/blazor-tutorial/add.html]
[dotnet.microsoft.com/en-us/learn/aspnet/blazor-tutorial/addb447.html]
[dotnet.microsoft.com/en-us/learn/aspnet/blazor-tutorial/modify5634.html]
[dotnet.microsoft.com/en-us/learn/aspnet/blazor-tutorial/modify1487.html]
[dotnet.microsoft.com/en-us/learn/aspnet/blazor-tutorial/modify.html]
[dotnet.microsoft.com/en-us/learn/aspnet/blazor-tutorial/modifyb447.html]
[dotnet.microsoft.com/en-us/learn/aspnet/blazor-tutorial/next5634.html]
[dotnet.microsoft.com/en-us/learn/aspnet/blazor-tutorial/next1487.html]
[dotnet.microsoft.com/en-us/learn/aspnet/blazor-tutorial/next.html]
[dotnet.microsoft.com/en-us/learn/aspnet/blazor-tutorial/nextb447.html]
[dotnet.microsoft.com/en-us/learn/aspnet/blazor-cli-tutorial/intro5634.html]
[dotnet.microsoft.com/en-us/learn/aspnet/blazor-cli-tutorial/install.html]
[dotnet.microsoft.com/en-us/learn/aspnet/blazor-cli-tutorial/create.html]
[dotnet.microsoft.com/en-us/learn/aspnet/blazor-cli-tutorial/run.html]
[dotnet.microsoft.com/en-us/learn/aspnet/blazor-cli-tutorial/try.html]
[dotnet.microsoft.com/en-us/learn/aspnet/blazor-cli-tutorial/add.html]
[dotnet.microsoft.com/en-us/learn/aspnet/blazor-cli-tutorial/modify.html]
[dotnet.microsoft.com/en-us/learn/aspnet/blazor-cli-tutorial/next.html]
[dotnet.microsoft.com/en-us/learn/aspnet/blazor-cli-tutorial/intro.html]
[dotnet.microsoft.com/en-us/learn/aspnet/microservice-tutorial/intro5634.html]
[dotnet.microsoft.com/en-us/learn/aspnet/microservice-tutorial/intro1487.html]
[dotnet.microsoft.com/en-us/learn/aspnet/microservice-tutorial/introb447.html]
[dotnet.microsoft.com/en-us/learn/aspnet/microservice-tutorial/install5634.html]
[dotnet.microsoft.com/en-us/learn/aspnet/microservice-tutorial/install1487.html]
[dotnet.microsoft.com/en-us/learn/aspnet/microservice-tutorial/install.html]
[dotnet.microsoft.com/en-us/learn/aspnet/microservice-tutorial/installb447.html]
[dotnet.microsoft.com/en-us/learn/aspnet/microservice-tutorial/create5634.html]
[dotnet.microsoft.com/en-us/learn/aspnet/microservice-tutorial/create1487.html]
[dotnet.microsoft.com/en-us/learn/aspnet/microservice-tutorial/create.html]
[dotnet.microsoft.com/en-us/learn/aspnet/microservice-tutorial/createb447.html]
[dotnet.microsoft.com/en-us/learn/aspnet/microservice-tutorial/run5634.html]
[dotnet.microsoft.com/en-us/learn/aspnet/microservice-tutorial/run1487.html]
[dotnet.microsoft.com/en-us/learn/aspnet/microservice-tutorial/run.html]
[dotnet.microsoft.com/en-us/learn/aspnet/microservice-tutorial/runb447.html]
[dotnet.microsoft.com/en-us/learn/aspnet/microservice-tutorial/install-docker5634.html]
[dotnet.microsoft.com/en-us/learn/aspnet/microservice-tutorial/install-docker1487.html]
[dotnet.microsoft.com/en-us/learn/aspnet/microservice-tutorial/install-docker.html]
[dotnet.microsoft.com/en-us/learn/aspnet/microservice-tutorial/install-dockerb447.html]
[dotnet.microsoft.com/en-us/learn/aspnet/microservice-tutorial/docker-file5634.html]
[dotnet.microsoft.com/en-us/learn/aspnet/microservice-tutorial/docker-file1487.html]
[dotnet.microsoft.com/en-us/learn/aspnet/microservice-tutorial/docker-file.html]
[dotnet.microsoft.com/en-us/learn/aspnet/microservice-tutorial/docker-fileb447.html]
[dotnet.microsoft.com/en-us/learn/aspnet/microservice-tutorial/docker-image5634.html]
[dotnet.microsoft.com/en-us/learn/aspnet/microservice-tutorial/docker-image1487.html]
[dotnet.microsoft.com/en-us/learn/aspnet/microservice-tutorial/docker-image.html]
[dotnet.microsoft.com/en-us/learn/aspnet/microservice-tutorial/docker-imageb447.html]
[dotnet.microsoft.com/en-us/learn/aspnet/microservice-tutorial/run-docker5634.html]
[dotnet.microsoft.com/en-us/learn/aspnet/microservice-tutorial/run-docker1487.html]
[dotnet.microsoft.com/en-us/learn/aspnet/microservice-tutorial/run-docker.html]
[dotnet.microsoft.com/en-us/learn/aspnet/microservice-tutorial/run-dockerb447.html]
[dotnet.microsoft.com/en-us/learn/aspnet/microservice-tutorial/next5634.html]
[dotnet.microsoft.com/en-us/learn/aspnet/microservice-tutorial/next1487.html]
[dotnet.microsoft.com/en-us/learn/aspnet/microservice-tutorial/next.html]
[dotnet.microsoft.com/en-us/learn/aspnet/microservice-tutorial/nextb447.html]
[dotnet.microsoft.com/en-us/learn/aspnet/deploy-microservice-tutorial/intro5634.html]
[dotnet.microsoft.com/en-us/learn/aspnet/deploy-microservice-tutorial/intro1487.html]
[dotnet.microsoft.com/en-us/learn/aspnet/deploy-microservice-tutorial/introb447.html]
[dotnet.microsoft.com/en-us/learn/aspnet/deploy-microservice-tutorial/docker-hub.html]
[dotnet.microsoft.com/en-us/learn/aspnet/deploy-microservice-tutorial/azure-tools.html]
[dotnet.microsoft.com/en-us/learn/aspnet/deploy-microservice-tutorial/azure-resources.html]
[dotnet.microsoft.com/en-us/learn/aspnet/deploy-microservice-tutorial/deploy.html]
[dotnet.microsoft.com/en-us/learn/aspnet/deploy-microservice-tutorial/scale.html]
[dotnet.microsoft.com/en-us/learn/aspnet/deploy-microservice-tutorial/clean-up-resources.html]
[dotnet.microsoft.com/en-us/learn/aspnet/deploy-microservice-tutorial/next.html]
[dotnet.microsoft.com/en-us/learn/aspnet/deploy-microservice-tutorial/intro.html]
[dotnet.microsoft.com/en-us/download/e-book/dapr/pdf.html]
[dotnet.microsoft.com/en-us/download/e-book/azure-quick-start/pdf.html]
[dotnet.microsoft.com/en-us/learn/maui/first-app-tutorial/intro5634.html]
[dotnet.microsoft.com/en-us/learn/maui/first-app-tutorial/introb447.html]
[dotnet.microsoft.com/en-us/learn/maui/first-app-tutorial/install5634.html]
[dotnet.microsoft.com/en-us/learn/maui/first-app-tutorial/install.html]
[dotnet.microsoft.com/en-us/learn/maui/first-app-tutorial/installb447.html]
[dotnet.microsoft.com/en-us/learn/maui/first-app-tutorial/create5634.html]
[dotnet.microsoft.com/en-us/learn/maui/first-app-tutorial/create.html]
[dotnet.microsoft.com/en-us/learn/maui/first-app-tutorial/createb447.html]
[dotnet.microsoft.com/en-us/learn/maui/first-app-tutorial/run5634.html]
[dotnet.microsoft.com/en-us/learn/maui/first-app-tutorial/run.html]
[dotnet.microsoft.com/en-us/learn/maui/first-app-tutorial/runb447.html]
[dotnet.microsoft.com/en-us/learn/maui/first-app-tutorial/modify5634.html]
[dotnet.microsoft.com/en-us/learn/maui/first-app-tutorial/modify.html]
[dotnet.microsoft.com/en-us/learn/maui/first-app-tutorial/modifyb447.html]
[dotnet.microsoft.com/en-us/learn/maui/first-app-tutorial/device-setup5634.html]
[dotnet.microsoft.com/en-us/learn/maui/first-app-tutorial/device-setup.html]
[dotnet.microsoft.com/en-us/learn/maui/first-app-tutorial/device-setupb447.html]
[dotnet.microsoft.com/en-us/learn/maui/first-app-tutorial/next5634.html]
[dotnet.microsoft.com/en-us/learn/maui/first-app-tutorial/next.html]
[dotnet.microsoft.com/en-us/learn/maui/first-app-tutorial/nextb447.html]
[dotnet.microsoft.com/en-us/platform/try-dotnet/features.html]
[dotnet.microsoft.com/en-us/learn/languages/fsharp-hello-world-tutorial/intro5634.html]
[dotnet.microsoft.com/en-us/learn/languages/fsharp-hello-world-tutorial/intro1487.html]
[dotnet.microsoft.com/en-us/learn/languages/fsharp-hello-world-tutorial/introb447.html]
[dotnet.microsoft.com/static/js/try-dotnet-features.minb070.js]
[dotnet.microsoft.com/en-us/learn/languages/fsharp-hello-world-tutorial/install5634.html]
[dotnet.microsoft.com/en-us/learn/languages/fsharp-hello-world-tutorial/install1487.html]
[dotnet.microsoft.com/en-us/learn/languages/fsharp-hello-world-tutorial/install.html]
[dotnet.microsoft.com/en-us/learn/languages/fsharp-hello-world-tutorial/installb447.html]
[dotnet.microsoft.com/en-us/learn/languages/fsharp-hello-world-tutorial/create5634.html]
[dotnet.microsoft.com/en-us/learn/languages/fsharp-hello-world-tutorial/create1487.html]
[dotnet.microsoft.com/en-us/learn/languages/fsharp-hello-world-tutorial/create.html]
[dotnet.microsoft.com/en-us/learn/languages/fsharp-hello-world-tutorial/createb447.html]
[dotnet.microsoft.com/en-us/learn/languages/fsharp-hello-world-tutorial/run5634.html]
[dotnet.microsoft.com/en-us/learn/languages/fsharp-hello-world-tutorial/run1487.html]
[dotnet.microsoft.com/en-us/learn/languages/fsharp-hello-world-tutorial/run.html]
[dotnet.microsoft.com/en-us/learn/languages/fsharp-hello-world-tutorial/runb447.html]
[dotnet.microsoft.com/en-us/learn/languages/fsharp-hello-world-tutorial/modify5634.html]
[dotnet.microsoft.com/en-us/learn/languages/fsharp-hello-world-tutorial/modify1487.html]
[dotnet.microsoft.com/en-us/learn/languages/fsharp-hello-world-tutorial/modify.html]
[dotnet.microsoft.com/en-us/learn/languages/fsharp-hello-world-tutorial/modifyb447.html]
[dotnet.microsoft.com/en-us/learn/languages/fsharp-hello-world-tutorial/next5634.html]
[dotnet.microsoft.com/en-us/learn/languages/fsharp-hello-world-tutorial/next1487.html]
[dotnet.microsoft.com/en-us/learn/languages/fsharp-hello-world-tutorial/next.html]
[dotnet.microsoft.com/en-us/learn/ml-dotnet/what-is-mldotnet.html]
[dotnet.microsoft.com/en-us/learn/games/unity-tutorial/intro5634.html]
[dotnet.microsoft.com/en-us/learn/games/unity-tutorial/introb447.html]
[dotnet.microsoft.com/en-us/learn/languages/fsharp-hello-world-tutorial/nextb447.html]
[dotnet.microsoft.com/en-us/learn/games/unity-tutorial/install5634.html]
[dotnet.microsoft.com/en-us/learn/games/unity-tutorial/install.html]
[dotnet.microsoft.com/en-us/learn/games/unity-tutorial/installb447.html]
[dotnet.microsoft.com/en-us/learn/games/unity-tutorial/create-project5634.html]
[dotnet.microsoft.com/en-us/learn/games/unity-tutorial/create-project.html]
[dotnet.microsoft.com/en-us/learn/games/unity-tutorial/create-projectb447.html]
[dotnet.microsoft.com/en-us/learn/games/unity-tutorial/create-cube5634.html]
[dotnet.microsoft.com/en-us/learn/games/unity-tutorial/create-cube.html]
[dotnet.microsoft.com/en-us/learn/games/unity-tutorial/create-cubeb447.html]
[dotnet.microsoft.com/en-us/learn/games/unity-tutorial/add5634.html]
[dotnet.microsoft.com/en-us/learn/games/unity-tutorial/add.html]
[dotnet.microsoft.com/en-us/learn/games/unity-tutorial/addb447.html]
[dotnet.microsoft.com/en-us/learn/games/unity-tutorial/modify5634.html]
[dotnet.microsoft.com/en-us/learn/games/unity-tutorial/modify.html]
[dotnet.microsoft.com/en-us/learn/games/unity-tutorial/modifyb447.html]
[dotnet.microsoft.com/en-us/learn/games/unity-tutorial/run5634.html]
[dotnet.microsoft.com/en-us/learn/games/unity-tutorial/run.html]
[dotnet.microsoft.com/en-us/learn/games/unity-tutorial/runb447.html]
[dotnet.microsoft.com/en-us/learn/games/unity-tutorial/next5634.html]
[dotnet.microsoft.com/en-us/learn/games/unity-tutorial/next.html]
[dotnet.microsoft.com/en-us/learn/games/unity-tutorial/nextb447.html]
[dotnet.microsoft.com/static/images/games/unity/unity-engine-landscape-swimlane4db4.png]
[dotnet.microsoft.com/en-us/apps/games/unity.html]
[dotnet.microsoft.com/static/images/games/azure-playfabb8f8.html]
[dotnet.microsoft.com/en-us/platform/free.html]
[dotnet.microsoft.com/en-us/download/e-book/aspnet-azure-devops/pdf.html]
[dotnet.microsoft.com/en-us/download/e-book/aspnet/pdf.html]
[dotnet.microsoft.com/en-us/download/e-book/serverless-apps-architecture/pdf.html]
[dotnet.microsoft.com/en-us/download/e-book/blazor-for-web-forms-devs/pdf.html]
[dotnet.microsoft.com/en-us/download/e-book/grpc-for-wcf-devs/pdf.html]
[dotnet.microsoft.com/en-us/download/e-book/maui/pdf.html]
[dotnet.microsoft.com/en-us/learn/dotnet/hello-world-tutorial/intro5634.html]
[dotnet.microsoft.com/en-us/learn/dotnet/hello-world-tutorial/intro1487.html]
[dotnet.microsoft.com/en-us/learn/dotnet/hello-world-tutorial/introb447.html]
[dotnet.microsoft.com/en-us/learn/dotnet/hello-world-tutorial/install.html]
[dotnet.microsoft.com/en-us/learn/dotnet/hello-world-tutorial/create5634.html]
[dotnet.microsoft.com/en-us/learn/dotnet/hello-world-tutorial/create1487.html]
[dotnet.microsoft.com/en-us/learn/dotnet/hello-world-tutorial/create.html]
[dotnet.microsoft.com/en-us/learn/dotnet/hello-world-tutorial/run.html]
[dotnet.microsoft.com/en-us/learn/dotnet/hello-world-tutorial/createb447.html]
[dotnet.microsoft.com/en-us/learn/dotnet/hello-world-tutorial/edit5634.html]
[dotnet.microsoft.com/en-us/learn/dotnet/hello-world-tutorial/edit1487.html]
[dotnet.microsoft.com/en-us/learn/dotnet/hello-world-tutorial/edit.html]
[dotnet.microsoft.com/en-us/learn/dotnet/hello-world-tutorial/next.html]
[dotnet.microsoft.com/static/images/dotnet-hello-world/dotnet-hello-world-new-project4a4c.html]
[dotnet.microsoft.com/en-us/learn/ml-dotnet/get-started-tutorial/intro2899.html]
[dotnet.microsoft.com/en-us/learn/ml-dotnet/get-started-tutorial/intro5634.html]
[dotnet.microsoft.com/en-us/learn/ml-dotnet/get-started-tutorial/intro1487.html]
[dotnet.microsoft.com/en-us/learn/ml-dotnet/get-started-tutorial/introb447.html]
[dotnet.microsoft.com/en-us/learn/dotnet/hello-world-tutorial/editb447.html]
[dotnet.microsoft.com/en-us/learn/ml-dotnet/get-started-tutorial/install5634.html]
[dotnet.microsoft.com/en-us/learn/ml-dotnet/get-started-tutorial/install1487.html]
[dotnet.microsoft.com/en-us/learn/ml-dotnet/get-started-tutorial/install.html]
[dotnet.microsoft.com/en-us/learn/ml-dotnet/get-started-tutorial/create.html]
[dotnet.microsoft.com/en-us/learn/ml-dotnet/get-started-tutorial/installb447.html]
[dotnet.microsoft.com/en-us/learn/ml-dotnet/get-started-tutorial/scenario5634.html]
[dotnet.microsoft.com/en-us/learn/ml-dotnet/get-started-tutorial/scenario1487.html]
[dotnet.microsoft.com/en-us/learn/ml-dotnet/get-started-tutorial/scenario.html]
[dotnet.microsoft.com/en-us/learn/ml-dotnet/get-started-tutorial/data.html]
[dotnet.microsoft.com/en-us/learn/ml-dotnet/get-started-tutorial/scenariob447.html]
[dotnet.microsoft.com/en-us/learn/ml-dotnet/get-started-tutorial/train5634.html]
[dotnet.microsoft.com/en-us/learn/ml-dotnet/get-started-tutorial/train1487.html]
[dotnet.microsoft.com/en-us/learn/ml-dotnet/get-started-tutorial/train.html]
[dotnet.microsoft.com/en-us/learn/ml-dotnet/get-started-tutorial/evaluate.html]
[dotnet.microsoft.com/en-us/learn/ml-dotnet/get-started-tutorial/trainb447.html]
[dotnet.microsoft.com/en-us/learn/ml-dotnet/get-started-tutorial/generate-code5634.html]
[dotnet.microsoft.com/en-us/learn/ml-dotnet/get-started-tutorial/generate-code1487.html]
[dotnet.microsoft.com/en-us/learn/ml-dotnet/get-started-tutorial/generate-code.html]
[dotnet.microsoft.com/en-us/learn/ml-dotnet/get-started-tutorial/consume.html]
[dotnet.microsoft.com/en-us/learn/ml-dotnet/get-started-tutorial/generate-codeb447.html]
[dotnet.microsoft.com/en-us/learn/ml-dotnet/get-started-tutorial/next5634.html]
[dotnet.microsoft.com/en-us/learn/ml-dotnet/get-started-tutorial/next1487.html]
[dotnet.microsoft.com/en-us/learn/ml-dotnet/get-started-tutorial/next.html]
[dotnet.microsoft.com/static/images/redesign/download/thank-you/sdk-installer-windows56ab.html]
[dotnet.microsoft.com/static/images/redesign/download/thank-you/sdk-verify-windows4f4d.html]
[dotnet.microsoft.com/en-us/learn/dotnet/hello-world-tutorial/intro2899.html]
[dotnet.microsoft.com/en-us/download/dotnet/7.html]
[dotnet.microsoft.com/en-us/download/dotnet/6.html]
[dotnet.microsoft.com/en-us/download/dotnet/5.html]
[dotnet.microsoft.com/en-us/download/dotnet/3.html]
[dotnet.microsoft.com/en-us/download/dotnet/3-2.html]
[dotnet.microsoft.com/en-us/download/dotnet/2.html]
[dotnet.microsoft.com/en-us/download/dotnet/2-2.html]
[dotnet.microsoft.com/en-us/download/dotnet/2-3.html]
[dotnet.microsoft.com/en-us/download/dotnet/1.html]
[dotnet.microsoft.com/en-us/download/dotnet/1-2.html]
[dotnet.microsoft.com/static/images/redesign/download/thank-you/sdk-installer-macos1908.html]
[dotnet.microsoft.com/en-us/download/dotnet-framework/net481.html]
[dotnet.microsoft.com/en-us/download/dotnet-framework/net48.html]
[dotnet.microsoft.com/en-us/learn/ml-dotnet/get-started-tutorial/nextb447.html]
[dotnet.microsoft.com/en-us/download/dotnet-framework/thank-you/net472-web-installer.html]
[dotnet.microsoft.com/en-us/download/dotnet-framework/thank-you/net472-developer-pack-offline-installer.html]
[dotnet.microsoft.com/en-us/download/dotnet-framework/thank-you/net472-offline-installer.html]
[dotnet.microsoft.com/en-us/download/dotnet-framework/thank-you/net472-developer-pack-chs.html]
[dotnet.microsoft.com/en-us/download/dotnet-framework/thank-you/net472-developer-pack-cht.html]
[dotnet.microsoft.com/en-us/download/dotnet-framework/thank-you/net472-developer-pack-csy.html]
[dotnet.microsoft.com/en-us/download/dotnet-framework/thank-you/net472-developer-pack-deu.html]
[dotnet.microsoft.com/en-us/download/dotnet-framework/thank-you/net472-developer-pack-esn.html]
[dotnet.microsoft.com/en-us/download/dotnet-framework/thank-you/net472-developer-pack-fra.html]
[dotnet.microsoft.com/en-us/download/dotnet-framework/thank-you/net472-developer-pack-ita.html]
[dotnet.microsoft.com/en-us/download/dotnet-framework/thank-you/net472-developer-pack-jpn.html]
[dotnet.microsoft.com/en-us/download/dotnet-framework/thank-you/net472-developer-pack-kor.html]
[dotnet.microsoft.com/en-us/download/dotnet-framework/thank-you/net472-developer-pack-plk.html]
[dotnet.microsoft.com/en-us/download/dotnet-framework/thank-you/net472-developer-pack-ptb.html]
[dotnet.microsoft.com/en-us/download/dotnet-framework/thank-you/net472-developer-pack-rus.html]
[dotnet.microsoft.com/en-us/download/dotnet-framework/thank-you/net472-developer-pack-trk.html]
[dotnet.microsoft.com/en-us/download/dotnet-framework/thank-you/net472-ara.html]
[dotnet.microsoft.com/en-us/download/dotnet-framework/thank-you/net472-chs.html]
[dotnet.microsoft.com/en-us/download/dotnet-framework/thank-you/net472-cht.html]
[dotnet.microsoft.com/en-us/download/dotnet-framework/thank-you/net472-csy.html]
[dotnet.microsoft.com/en-us/download/dotnet-framework/thank-you/net472-dan.html]
[dotnet.microsoft.com/en-us/download/dotnet-framework/thank-you/net472-deu.html]
[dotnet.microsoft.com/en-us/download/dotnet-framework/thank-you/net472-ell.html]
[dotnet.microsoft.com/en-us/download/dotnet-framework/thank-you/net472-esn.html]
[dotnet.microsoft.com/en-us/download/dotnet-framework/thank-you/net472-fin.html]
[dotnet.microsoft.com/en-us/download/dotnet-framework/thank-you/net472-fra.html]
[dotnet.microsoft.com/en-us/download/dotnet-framework/thank-you/net472-heb.html]
[dotnet.microsoft.com/en-us/download/dotnet-framework/thank-you/net472-hun.html]
[dotnet.microsoft.com/en-us/download/dotnet-framework/thank-you/net472-ita.html]
[dotnet.microsoft.com/en-us/download/dotnet-framework/thank-you/net472-jpn.html]
[dotnet.microsoft.com/en-us/download/dotnet-framework/thank-you/net472-kor.html]
[dotnet.microsoft.com/en-us/download/dotnet-framework/thank-you/net472-nld.html]
[dotnet.microsoft.com/en-us/download/dotnet-framework/thank-you/net472-nor.html]
[dotnet.microsoft.com/en-us/download/dotnet-framework/thank-you/net472-plk.html]
[dotnet.microsoft.com/en-us/download/dotnet-framework/thank-you/net472-ptb.html]
[dotnet.microsoft.com/en-us/download/dotnet-framework/thank-you/net472-ptg.html]
[dotnet.microsoft.com/en-us/download/dotnet-framework/thank-you/net472-rus.html]
[dotnet.microsoft.com/en-us/download/dotnet-framework/thank-you/net472-sve.html]
[dotnet.microsoft.com/en-us/download/dotnet-framework/net472.html]
[dotnet.microsoft.com/en-us/download/dotnet-framework/thank-you/net472-trk.html]
[dotnet.microsoft.com/en-us/download/dotnet-framework/thank-you/net471-web-installer.html]
[dotnet.microsoft.com/en-us/download/dotnet-framework/thank-you/net471-developer-pack-offline-installer.html]
[dotnet.microsoft.com/en-us/download/dotnet-framework/thank-you/net471-offline-installer.html]
[dotnet.microsoft.com/en-us/download/dotnet-framework/thank-you/net471-developer-pack-chs.html]
[dotnet.microsoft.com/en-us/download/dotnet-framework/thank-you/net471-developer-pack-cht.html]
[dotnet.microsoft.com/en-us/download/dotnet-framework/thank-you/net471-developer-pack-csy.html]
[dotnet.microsoft.com/en-us/download/dotnet-framework/thank-you/net471-developer-pack-deu.html]
[dotnet.microsoft.com/en-us/download/dotnet-framework/thank-you/net471-developer-pack-esn.html]
[dotnet.microsoft.com/en-us/download/dotnet-framework/thank-you/net471-developer-pack-fra.html]
[dotnet.microsoft.com/en-us/download/dotnet-framework/thank-you/net471-developer-pack-ita.html]
[dotnet.microsoft.com/en-us/download/dotnet-framework/thank-you/net471-developer-pack-jpn.html]
[dotnet.microsoft.com/en-us/download/dotnet-framework/thank-you/net471-developer-pack-kor.html]
[dotnet.microsoft.com/en-us/download/dotnet-framework/thank-you/net471-developer-pack-plk.html]
[dotnet.microsoft.com/en-us/download/dotnet-framework/thank-you/net471-developer-pack-ptb.html]
[dotnet.microsoft.com/en-us/download/dotnet-framework/thank-you/net471-developer-pack-rus.html]
[dotnet.microsoft.com/en-us/download/dotnet-framework/thank-you/net471-developer-pack-trk.html]
[dotnet.microsoft.com/en-us/download/dotnet-framework/thank-you/net471-ara.html]
[dotnet.microsoft.com/en-us/download/dotnet-framework/thank-you/net471-chs.html]
[dotnet.microsoft.com/en-us/download/dotnet-framework/thank-you/net471-cht.html]
[dotnet.microsoft.com/en-us/download/dotnet-framework/thank-you/net471-csy.html]
[dotnet.microsoft.com/en-us/download/dotnet-framework/thank-you/net471-dan.html]
[dotnet.microsoft.com/en-us/download/dotnet-framework/thank-you/net471-deu.html]
[dotnet.microsoft.com/en-us/download/dotnet-framework/thank-you/net471-ell.html]
[dotnet.microsoft.com/en-us/download/dotnet-framework/thank-you/net471-esn.html]
[dotnet.microsoft.com/en-us/download/dotnet-framework/thank-you/net471-fin.html]
[dotnet.microsoft.com/en-us/download/dotnet-framework/thank-you/net471-fra.html]
[dotnet.microsoft.com/en-us/download/dotnet-framework/thank-you/net471-heb.html]
[dotnet.microsoft.com/en-us/download/dotnet-framework/thank-you/net471-hun.html]
[dotnet.microsoft.com/en-us/download/dotnet-framework/thank-you/net471-ita.html]
[dotnet.microsoft.com/en-us/download/dotnet-framework/thank-you/net471-jpn.html]
[dotnet.microsoft.com/en-us/download/dotnet-framework/thank-you/net471-kor.html]
[dotnet.microsoft.com/en-us/download/dotnet-framework/thank-you/net471-nld.html]
[dotnet.microsoft.com/en-us/download/dotnet-framework/thank-you/net471-nor.html]
[dotnet.microsoft.com/en-us/download/dotnet-framework/thank-you/net471-plk.html]
[dotnet.microsoft.com/en-us/download/dotnet-framework/thank-you/net471-ptb.html]
[dotnet.microsoft.com/en-us/download/dotnet-framework/thank-you/net471-ptg.html]
[dotnet.microsoft.com/en-us/download/dotnet-framework/thank-you/net471-rus.html]
[dotnet.microsoft.com/en-us/download/dotnet-framework/thank-you/net471-sve.html]
[dotnet.microsoft.com/en-us/download/dotnet-framework/net471.html]
[dotnet.microsoft.com/en-us/download/dotnet-framework/net47.html]
[dotnet.microsoft.com/en-us/download/dotnet-framework/thank-you/net471-trk.html]
[dotnet.microsoft.com/en-us/download/dotnet-framework/thank-you/net462-web-installer.html]
[dotnet.microsoft.com/en-us/download/dotnet-framework/thank-you/net462-developer-pack-offline-installer.html]
[dotnet.microsoft.com/en-us/download/dotnet-framework/thank-you/net462-offline-installer.html]
[dotnet.microsoft.com/en-us/download/dotnet-framework/thank-you/net462-developer-pack-chs.html]
[dotnet.microsoft.com/en-us/download/dotnet-framework/thank-you/net462-developer-pack-cht.html]
[dotnet.microsoft.com/en-us/download/dotnet-framework/thank-you/net462-developer-pack-csy.html]
[dotnet.microsoft.com/en-us/download/dotnet-framework/thank-you/net462-developer-pack-deu.html]
[dotnet.microsoft.com/en-us/download/dotnet-framework/thank-you/net462-developer-pack-esn.html]
[dotnet.microsoft.com/en-us/download/dotnet-framework/thank-you/net462-developer-pack-fra.html]
[dotnet.microsoft.com/en-us/download/dotnet-framework/thank-you/net462-developer-pack-ita.html]
[dotnet.microsoft.com/en-us/download/dotnet-framework/thank-you/net462-developer-pack-jpn.html]
[dotnet.microsoft.com/en-us/download/dotnet-framework/thank-you/net462-developer-pack-kor.html]
[dotnet.microsoft.com/en-us/download/dotnet-framework/thank-you/net462-developer-pack-plk.html]
[dotnet.microsoft.com/en-us/download/dotnet-framework/thank-you/net462-developer-pack-ptb.html]
[dotnet.microsoft.com/en-us/download/dotnet-framework/thank-you/net462-developer-pack-rus.html]
[dotnet.microsoft.com/en-us/download/dotnet-framework/thank-you/net462-developer-pack-trk.html]
[dotnet.microsoft.com/en-us/download/dotnet-framework/thank-you/net462-ara.html]
[dotnet.microsoft.com/en-us/download/dotnet-framework/thank-you/net462-chs.html]
[dotnet.microsoft.com/en-us/download/dotnet-framework/thank-you/net462-cht.html]
[dotnet.microsoft.com/en-us/download/dotnet-framework/thank-you/net462-csy.html]
[dotnet.microsoft.com/en-us/download/dotnet-framework/thank-you/net462-dan.html]
[dotnet.microsoft.com/en-us/download/dotnet-framework/thank-you/net462-deu.html]
[dotnet.microsoft.com/en-us/download/dotnet-framework/thank-you/net462-ell.html]
[dotnet.microsoft.com/en-us/download/dotnet-framework/thank-you/net462-esn.html]
[dotnet.microsoft.com/en-us/download/dotnet-framework/thank-you/net462-fin.html]
[dotnet.microsoft.com/en-us/download/dotnet-framework/thank-you/net462-fra.html]
[dotnet.microsoft.com/en-us/download/dotnet-framework/thank-you/net462-heb.html]
[dotnet.microsoft.com/en-us/download/dotnet-framework/thank-you/net462-hun.html]
[dotnet.microsoft.com/en-us/download/dotnet-framework/thank-you/net462-ita.html]
[dotnet.microsoft.com/en-us/download/dotnet-framework/thank-you/net462-jpn.html]
[dotnet.microsoft.com/en-us/download/dotnet-framework/thank-you/net462-kor.html]
[dotnet.microsoft.com/en-us/download/dotnet-framework/thank-you/net462-nld.html]
[dotnet.microsoft.com/en-us/download/dotnet-framework/thank-you/net462-nor.html]
[dotnet.microsoft.com/en-us/download/dotnet-framework/thank-you/net462-plk.html]
[dotnet.microsoft.com/en-us/download/dotnet-framework/thank-you/net462-ptb.html]
[dotnet.microsoft.com/en-us/download/dotnet-framework/thank-you/net462-ptg.html]
[dotnet.microsoft.com/en-us/download/dotnet-framework/thank-you/net462-rus.html]
[dotnet.microsoft.com/en-us/download/dotnet-framework/thank-you/net462-sve.html]
[dotnet.microsoft.com/en-us/download/dotnet-framework/net462.html]
[dotnet.microsoft.com/en-us/download/dotnet-framework/net35-sp1.html]
[dotnet.microsoft.com/en-us/download/dotnet-framework/net461.html]
[dotnet.microsoft.com/en-us/download/dotnet-framework/thank-you/net462-trk.html]
[dotnet.microsoft.com/en-us/download/dotnet-framework/thank-you/net46-web-installer.html]
[dotnet.microsoft.com/en-us/download/dotnet-framework/thank-you/net46-developer-pack-offline-installer.html]
[dotnet.microsoft.com/en-us/download/dotnet-framework/thank-you/net46-offline-installer.html]
[dotnet.microsoft.com/en-us/download/dotnet-framework/thank-you/net46-developer-pack-chs.html]
[dotnet.microsoft.com/en-us/download/dotnet-framework/thank-you/net46-developer-pack-cht.html]
[dotnet.microsoft.com/en-us/download/dotnet-framework/thank-you/net46-developer-pack-csy.html]
[dotnet.microsoft.com/en-us/download/dotnet-framework/thank-you/net46-developer-pack-deu.html]
[dotnet.microsoft.com/en-us/download/dotnet-framework/thank-you/net46-developer-pack-esn.html]
[dotnet.microsoft.com/en-us/download/dotnet-framework/thank-you/net46-developer-pack-fra.html]
[dotnet.microsoft.com/en-us/download/dotnet-framework/thank-you/net46-developer-pack-ita.html]
[dotnet.microsoft.com/en-us/download/dotnet-framework/thank-you/net46-developer-pack-jpn.html]
[dotnet.microsoft.com/en-us/download/dotnet-framework/thank-you/net46-developer-pack-kor.html]
[dotnet.microsoft.com/en-us/download/dotnet-framework/thank-you/net46-developer-pack-plk.html]
[dotnet.microsoft.com/en-us/download/dotnet-framework/thank-you/net46-developer-pack-ptb.html]
[dotnet.microsoft.com/en-us/download/dotnet-framework/thank-you/net46-developer-pack-rus.html]
[dotnet.microsoft.com/en-us/download/dotnet-framework/thank-you/net46-developer-pack-trk.html]
[dotnet.microsoft.com/en-us/download/dotnet-framework/thank-you/net46-ara.html]
[dotnet.microsoft.com/en-us/download/dotnet-framework/thank-you/net46-chs.html]
[dotnet.microsoft.com/en-us/download/dotnet-framework/thank-you/net46-cht.html]
[dotnet.microsoft.com/en-us/download/dotnet-framework/thank-you/net46-csy.html]
[dotnet.microsoft.com/en-us/download/dotnet-framework/thank-you/net46-dan.html]
[dotnet.microsoft.com/en-us/download/dotnet-framework/thank-you/net46-deu.html]
[dotnet.microsoft.com/en-us/download/dotnet-framework/thank-you/net46-ell.html]
[dotnet.microsoft.com/en-us/download/dotnet-framework/thank-you/net46-esn.html]
[dotnet.microsoft.com/en-us/download/dotnet-framework/thank-you/net46-fin.html]
[dotnet.microsoft.com/en-us/download/dotnet-framework/thank-you/net46-fra.html]
[dotnet.microsoft.com/en-us/download/dotnet-framework/thank-you/net46-heb.html]
[dotnet.microsoft.com/en-us/download/dotnet-framework/thank-you/net46-hun.html]
[dotnet.microsoft.com/en-us/download/dotnet-framework/thank-you/net46-ita.html]
[dotnet.microsoft.com/en-us/download/dotnet-framework/thank-you/net46-jpn.html]
[dotnet.microsoft.com/en-us/download/dotnet-framework/thank-you/net46-kor.html]
[dotnet.microsoft.com/en-us/download/dotnet-framework/thank-you/net46-nld.html]
[dotnet.microsoft.com/en-us/download/dotnet-framework/thank-you/net46-nor.html]
[dotnet.microsoft.com/en-us/download/dotnet-framework/thank-you/net46-plk.html]
[dotnet.microsoft.com/en-us/download/dotnet-framework/thank-you/net46-ptb.html]
[dotnet.microsoft.com/en-us/download/dotnet-framework/thank-you/net46-ptg.html]
[dotnet.microsoft.com/en-us/download/dotnet-framework/thank-you/net46-rus.html]
[dotnet.microsoft.com/en-us/download/dotnet-framework/thank-you/net46-sve.html]
[dotnet.microsoft.com/en-us/download/dotnet-framework/net46.html]
[dotnet.microsoft.com/en-us/download/dotnet-framework/thank-you/net46-trk.html]
[dotnet.microsoft.com/en-us/download/dotnet-framework/thank-you/net452-web-installer.html]
[dotnet.microsoft.com/en-us/download/dotnet-framework/thank-you/net452-developer-pack-offline-installer.html]
[dotnet.microsoft.com/en-us/download/dotnet-framework/thank-you/net452-offline-installer.html]
[dotnet.microsoft.com/en-us/download/dotnet-framework/thank-you/net452-ara.html]
[dotnet.microsoft.com/en-us/download/dotnet-framework/thank-you/net452-chs.html]
[dotnet.microsoft.com/en-us/download/dotnet-framework/thank-you/net452-cht.html]
[dotnet.microsoft.com/en-us/download/dotnet-framework/thank-you/net452-csy.html]
[dotnet.microsoft.com/en-us/download/dotnet-framework/thank-you/net452-dan.html]
[dotnet.microsoft.com/en-us/download/dotnet-framework/thank-you/net452-esn.html]
[dotnet.microsoft.com/en-us/download/dotnet-framework/thank-you/net452-fin.html]
[dotnet.microsoft.com/en-us/download/dotnet-framework/thank-you/net452-heb.html]
[dotnet.microsoft.com/en-us/download/dotnet-framework/thank-you/net452-ita.html]
[dotnet.microsoft.com/en-us/download/dotnet-framework/thank-you/net452-kor.html]
[dotnet.microsoft.com/en-us/download/dotnet-framework/thank-you/net452-nor.html]
[dotnet.microsoft.com/en-us/download/dotnet-framework/thank-you/net452-ptb.html]
[dotnet.microsoft.com/en-us/download/dotnet-framework/thank-you/net452-rus.html]
[dotnet.microsoft.com/en-us/download/dotnet-framework/net452.html]
[dotnet.microsoft.com/en-us/download/dotnet-framework/net451.html]
[dotnet.microsoft.com/en-us/download/dotnet-framework/net45.html]
[dotnet.microsoft.com/en-us/download/dotnet-framework/net40.html]
[dotnet.microsoft.com/en-us/download/dotnet-framework/thank-you/net452-trk.html]
[dotnet.microsoft.com/en-us/platform/support/policy/aspnet.html]
[dotnet.microsoft.com/en-us/platform/support/policy/aspnet/2.html]
[dotnet.microsoft.com/en-us/platform/support/policy/maui.html]
[dotnet.microsoft.com/en-us/platform/support/policy/dotnet-framework.html]
[dotnet.microsoft.com/en-us/platform/support/policy/wcf-client.html]
[dotnet.microsoft.com/en-us/platform/support/policy/corewcf.html]
[dotnet.microsoft.com/en-us/platform/support/policy/aspnet/external-packages.html]
[dotnet.microsoft.com/en-us/platform/dotnet-standard.html]
[dotnet.microsoft.com/en-us/learn/aspnet/blazor-tutorial/install5634.html]
[dotnet.microsoft.com/en-us/learn/aspnet/blazor-tutorial/install1487.html]
[dotnet.microsoft.com/en-us/learn/aspnet/blazor-tutorial/installb447.html]
[dotnet.microsoft.com/en-us/learn/aspnet/blazor-tutorial/create5634.html]
[dotnet.microsoft.com/en-us/learn/aspnet/blazor-tutorial/create1487.html]
[dotnet.microsoft.com/en-us/learn/aspnet/blazor-tutorial/createb447.html]
[dotnet.microsoft.com/en-us/learn/aspnet/blazor-tutorial/run5634.html]
[dotnet.microsoft.com/en-us/learn/aspnet/blazor-tutorial/run1487.html]
[dotnet.microsoft.com/en-us/learn/aspnet/blazor-tutorial/runb447.html]
[dotnet.microsoft.com/en-us/learn/aspnet/blazor-tutorial/try5634.html]
[dotnet.microsoft.com/en-us/learn/aspnet/blazor-tutorial/try1487.html]
[dotnet.microsoft.com/en-us/learn/aspnet/blazor-tutorial/tryb447.html]
[dotnet.microsoft.com/en-us/learn/aspnet/blazor-tutorial/add5634.html]
[dotnet.microsoft.com/en-us/learn/aspnet/blazor-tutorial/add1487.html]
[dotnet.microsoft.com/en-us/learn/aspnet/blazor-tutorial/addb447.html]
[dotnet.microsoft.com/en-us/learn/aspnet/blazor-tutorial/modify5634.html]
[dotnet.microsoft.com/en-us/learn/aspnet/blazor-tutorial/modify1487.html]
[dotnet.microsoft.com/en-us/learn/aspnet/blazor-tutorial/modifyb447.html]
[dotnet.microsoft.com/en-us/learn/aspnet/blazor-tutorial/next5634.html]
[dotnet.microsoft.com/static/js/dotnet-standard.mina28f.js]
[dotnet.microsoft.com/en-us/learn/aspnet/blazor-tutorial/next1487.html]
[dotnet.microsoft.com/en-us/learn/aspnet/blazor-tutorial/nextb447.html]
[dotnet.microsoft.com/en-us/learn/aspnet/blazor-cli-tutorial/intro5634.html]
[dotnet.microsoft.com/en-us/learn/aspnet/blazor-cli-tutorial/install.html]
[dotnet.microsoft.com/en-us/learn/aspnet/blazor-cli-tutorial/create.html]
[dotnet.microsoft.com/en-us/learn/aspnet/blazor-cli-tutorial/create5634.html]
[dotnet.microsoft.com/en-us/learn/aspnet/blazor-cli-tutorial/run.html]
[dotnet.microsoft.com/en-us/learn/aspnet/blazor-cli-tutorial/try.html]
[dotnet.microsoft.com/en-us/learn/aspnet/blazor-cli-tutorial/run5634.html]
[dotnet.microsoft.com/en-us/learn/aspnet/blazor-cli-tutorial/add.html]
[dotnet.microsoft.com/en-us/learn/aspnet/blazor-cli-tutorial/modify.html]
[dotnet.microsoft.com/en-us/learn/aspnet/blazor-cli-tutorial/add5634.html]
[dotnet.microsoft.com/en-us/learn/aspnet/blazor-cli-tutorial/next.html]
[dotnet.microsoft.com/en-us/learn/aspnet/microservice-tutorial/install5634.html]
[dotnet.microsoft.com/en-us/learn/aspnet/microservice-tutorial/install1487.html]
[dotnet.microsoft.com/en-us/learn/aspnet/microservice-tutorial/installb447.html]
[dotnet.microsoft.com/en-us/learn/aspnet/microservice-tutorial/create5634.html]
[dotnet.microsoft.com/en-us/learn/aspnet/microservice-tutorial/create1487.html]
[dotnet.microsoft.com/en-us/learn/aspnet/microservice-tutorial/createb447.html]
[dotnet.microsoft.com/en-us/learn/aspnet/microservice-tutorial/run5634.html]
[dotnet.microsoft.com/en-us/learn/aspnet/microservice-tutorial/run1487.html]
[dotnet.microsoft.com/en-us/learn/aspnet/microservice-tutorial/runb447.html]
[dotnet.microsoft.com/en-us/learn/aspnet/microservice-tutorial/install-docker5634.html]
[dotnet.microsoft.com/en-us/learn/aspnet/microservice-tutorial/install-docker1487.html]
[dotnet.microsoft.com/en-us/learn/aspnet/microservice-tutorial/install-dockerb447.html]
[dotnet.microsoft.com/en-us/learn/aspnet/microservice-tutorial/docker-file5634.html]
[dotnet.microsoft.com/en-us/learn/aspnet/microservice-tutorial/docker-file1487.html]
[dotnet.microsoft.com/en-us/learn/aspnet/microservice-tutorial/docker-fileb447.html]
[dotnet.microsoft.com/en-us/learn/aspnet/microservice-tutorial/docker-image5634.html]
[dotnet.microsoft.com/en-us/learn/aspnet/microservice-tutorial/docker-image1487.html]
[dotnet.microsoft.com/en-us/learn/aspnet/microservice-tutorial/docker-imageb447.html]
[dotnet.microsoft.com/en-us/learn/aspnet/microservice-tutorial/run-docker5634.html]
[dotnet.microsoft.com/en-us/learn/aspnet/microservice-tutorial/run-docker1487.html]
[dotnet.microsoft.com/en-us/learn/aspnet/microservice-tutorial/run-dockerb447.html]
[dotnet.microsoft.com/en-us/learn/aspnet/microservice-tutorial/next5634.html]
[dotnet.microsoft.com/en-us/learn/aspnet/microservice-tutorial/next1487.html]
[dotnet.microsoft.com/en-us/learn/aspnet/microservice-tutorial/nextb447.html]
[dotnet.microsoft.com/en-us/learn/aspnet/blazor-cli-tutorial/next5634.html]
[dotnet.microsoft.com/en-us/learn/aspnet/deploy-microservice-tutorial/intro5634.html]
[dotnet.microsoft.com/en-us/learn/aspnet/deploy-microservice-tutorial/intro1487.html]
[dotnet.microsoft.com/en-us/learn/aspnet/deploy-microservice-tutorial/introb447.html]
[dotnet.microsoft.com/en-us/learn/aspnet/deploy-microservice-tutorial/docker-hub1487.html]
[dotnet.microsoft.com/en-us/learn/aspnet/deploy-microservice-tutorial/docker-hub.html]
[dotnet.microsoft.com/en-us/learn/aspnet/deploy-microservice-tutorial/docker-hubb447.html]
[dotnet.microsoft.com/en-us/learn/aspnet/deploy-microservice-tutorial/azure-tools.html]
[dotnet.microsoft.com/en-us/learn/aspnet/deploy-microservice-tutorial/azure-tools1487.html]
[dotnet.microsoft.com/en-us/learn/aspnet/deploy-microservice-tutorial/azure-resources5634.html]
[dotnet.microsoft.com/en-us/learn/aspnet/deploy-microservice-tutorial/azure-resources.html]
[dotnet.microsoft.com/en-us/learn/aspnet/deploy-microservice-tutorial/azure-resourcesb447.html]
[dotnet.microsoft.com/en-us/learn/aspnet/deploy-microservice-tutorial/deploy.html]
[dotnet.microsoft.com/en-us/learn/aspnet/deploy-microservice-tutorial/deploy1487.html]
[dotnet.microsoft.com/en-us/learn/aspnet/deploy-microservice-tutorial/scale5634.html]
[dotnet.microsoft.com/en-us/learn/aspnet/deploy-microservice-tutorial/scale.html]
[dotnet.microsoft.com/en-us/learn/aspnet/deploy-microservice-tutorial/scaleb447.html]
[dotnet.microsoft.com/en-us/learn/aspnet/deploy-microservice-tutorial/clean-up-resources.html]
[dotnet.microsoft.com/en-us/learn/aspnet/deploy-microservice-tutorial/next5634.html]
[dotnet.microsoft.com/en-us/learn/aspnet/deploy-microservice-tutorial/next.html]
[dotnet.microsoft.com/en-us/learn/maui/first-app-tutorial/install5634.html]
[dotnet.microsoft.com/en-us/learn/maui/first-app-tutorial/installb447.html]
[dotnet.microsoft.com/en-us/learn/maui/first-app-tutorial/create5634.html]
[dotnet.microsoft.com/en-us/learn/maui/first-app-tutorial/createb447.html]
[dotnet.microsoft.com/en-us/learn/maui/first-app-tutorial/run5634.html]
[dotnet.microsoft.com/en-us/learn/maui/first-app-tutorial/runb447.html]
[dotnet.microsoft.com/en-us/learn/maui/first-app-tutorial/modify5634.html]
[dotnet.microsoft.com/en-us/learn/maui/first-app-tutorial/modifyb447.html]
[dotnet.microsoft.com/en-us/learn/maui/first-app-tutorial/device-setup5634.html]
[dotnet.microsoft.com/en-us/learn/maui/first-app-tutorial/device-setupb447.html]
[dotnet.microsoft.com/en-us/learn/maui/first-app-tutorial/next5634.html]
[dotnet.microsoft.com/en-us/learn/maui/first-app-tutorial/nextb447.html]
[dotnet.microsoft.com/en-us/learn/languages/fsharp-hello-world-tutorial/install5634.html]
[dotnet.microsoft.com/en-us/learn/languages/fsharp-hello-world-tutorial/install1487.html]
[dotnet.microsoft.com/en-us/learn/languages/fsharp-hello-world-tutorial/installb447.html]
[dotnet.microsoft.com/en-us/learn/languages/fsharp-hello-world-tutorial/create5634.html]
[dotnet.microsoft.com/en-us/learn/languages/fsharp-hello-world-tutorial/create1487.html]
[dotnet.microsoft.com/en-us/learn/languages/fsharp-hello-world-tutorial/createb447.html]
[dotnet.microsoft.com/en-us/learn/languages/fsharp-hello-world-tutorial/run5634.html]
[dotnet.microsoft.com/en-us/learn/languages/fsharp-hello-world-tutorial/run1487.html]
[dotnet.microsoft.com/en-us/learn/languages/fsharp-hello-world-tutorial/runb447.html]
[dotnet.microsoft.com/en-us/learn/languages/fsharp-hello-world-tutorial/modify5634.html]
[dotnet.microsoft.com/en-us/learn/languages/fsharp-hello-world-tutorial/modify1487.html]
[dotnet.microsoft.com/en-us/learn/languages/fsharp-hello-world-tutorial/modifyb447.html]
[dotnet.microsoft.com/en-us/learn/languages/fsharp-hello-world-tutorial/next5634.html]
[dotnet.microsoft.com/en-us/learn/languages/fsharp-hello-world-tutorial/next1487.html]
[dotnet.microsoft.com/en-us/learn/languages/fsharp-hello-world-tutorial/nextb447.html]
[dotnet.microsoft.com/en-us/learn/games/unity-tutorial/install5634.html]
[dotnet.microsoft.com/en-us/learn/games/unity-tutorial/installb447.html]
[dotnet.microsoft.com/en-us/learn/games/unity-tutorial/create-project5634.html]
[dotnet.microsoft.com/en-us/learn/games/unity-tutorial/create-projectb447.html]
[dotnet.microsoft.com/en-us/learn/games/unity-tutorial/create-cube5634.html]
[dotnet.microsoft.com/en-us/learn/games/unity-tutorial/create-cubeb447.html]
[dotnet.microsoft.com/en-us/learn/games/unity-tutorial/add5634.html]
[dotnet.microsoft.com/en-us/learn/games/unity-tutorial/addb447.html]
[dotnet.microsoft.com/en-us/learn/games/unity-tutorial/modify5634.html]
[dotnet.microsoft.com/en-us/learn/games/unity-tutorial/modifyb447.html]
[dotnet.microsoft.com/en-us/learn/games/unity-tutorial/run5634.html]
[dotnet.microsoft.com/en-us/learn/games/unity-tutorial/runb447.html]
[dotnet.microsoft.com/en-us/learn/games/unity-tutorial/next5634.html]
[dotnet.microsoft.com/en-us/learn/games/unity-tutorial/nextb447.html]
[dotnet.microsoft.com/en-us/learn/dotnet/hello-world-tutorial/create5634.html]
[dotnet.microsoft.com/en-us/learn/dotnet/hello-world-tutorial/create1487.html]
[dotnet.microsoft.com/en-us/learn/dotnet/hello-world-tutorial/createb447.html]
[dotnet.microsoft.com/en-us/learn/dotnet/hello-world-tutorial/edit5634.html]
[dotnet.microsoft.com/en-us/learn/dotnet/hello-world-tutorial/edit1487.html]
[dotnet.microsoft.com/en-us/learn/dotnet/hello-world-tutorial/editb447.html]
[dotnet.microsoft.com/en-us/learn/ml-dotnet/get-started-tutorial/install5634.html]
[dotnet.microsoft.com/en-us/learn/ml-dotnet/get-started-tutorial/install1487.html]
[dotnet.microsoft.com/en-us/learn/ml-dotnet/get-started-tutorial/installb447.html]
[dotnet.microsoft.com/en-us/learn/aspnet/deploy-microservice-tutorial/next1487.html]
[dotnet.microsoft.com/en-us/learn/ml-dotnet/get-started-tutorial/scenario5634.html]
[dotnet.microsoft.com/en-us/learn/ml-dotnet/get-started-tutorial/scenario1487.html]
[dotnet.microsoft.com/en-us/learn/ml-dotnet/get-started-tutorial/scenariob447.html]
[dotnet.microsoft.com/en-us/learn/ml-dotnet/get-started-tutorial/train5634.html]
[dotnet.microsoft.com/en-us/learn/ml-dotnet/get-started-tutorial/train1487.html]
[dotnet.microsoft.com/en-us/learn/ml-dotnet/get-started-tutorial/trainb447.html]
[dotnet.microsoft.com/en-us/learn/ml-dotnet/get-started-tutorial/generate-code5634.html]
[dotnet.microsoft.com/en-us/learn/ml-dotnet/get-started-tutorial/generate-code1487.html]
[dotnet.microsoft.com/en-us/learn/ml-dotnet/get-started-tutorial/generate-codeb447.html]
[dotnet.microsoft.com/en-us/learn/ml-dotnet/get-started-tutorial/next5634.html]
[dotnet.microsoft.com/en-us/learn/ml-dotnet/get-started-tutorial/next1487.html]
[dotnet.microsoft.com/en-us/learn/ml-dotnet/get-started-tutorial/nextb447.html]
[dotnet.microsoft.com/en-us/download/dotnet-framework/thank-you/net472-web-installer.html]
[dotnet.microsoft.com/en-us/download/dotnet-framework/thank-you/net472-developer-pack-offline-installer.html]
[dotnet.microsoft.com/en-us/download/dotnet-framework/thank-you/net472-offline-installer.html]
[dotnet.microsoft.com/en-us/download/dotnet-framework/thank-you/net472-developer-pack-chs.html]
[dotnet.microsoft.com/en-us/download/dotnet-framework/thank-you/net472-developer-pack-cht.html]
[dotnet.microsoft.com/en-us/download/dotnet-framework/thank-you/net472-developer-pack-csy.html]
[dotnet.microsoft.com/en-us/download/dotnet-framework/thank-you/net472-developer-pack-deu.html]
[dotnet.microsoft.com/en-us/download/dotnet-framework/thank-you/net472-developer-pack-esn.html]
[dotnet.microsoft.com/en-us/download/dotnet-framework/thank-you/net472-developer-pack-fra.html]
[dotnet.microsoft.com/en-us/download/dotnet-framework/thank-you/net472-developer-pack-ita.html]
[dotnet.microsoft.com/en-us/download/dotnet-framework/thank-you/net472-developer-pack-jpn.html]
[dotnet.microsoft.com/en-us/download/dotnet-framework/thank-you/net472-developer-pack-kor.html]
[dotnet.microsoft.com/en-us/download/dotnet-framework/thank-you/net472-developer-pack-plk.html]
[dotnet.microsoft.com/en-us/download/dotnet-framework/thank-you/net472-developer-pack-ptb.html]
[dotnet.microsoft.com/en-us/download/dotnet-framework/thank-you/net472-developer-pack-rus.html]
[dotnet.microsoft.com/en-us/download/dotnet-framework/thank-you/net472-developer-pack-trk.html]
[dotnet.microsoft.com/en-us/download/dotnet-framework/thank-you/net472-ara.html]
[dotnet.microsoft.com/en-us/download/dotnet-framework/thank-you/net472-chs.html]
[dotnet.microsoft.com/en-us/download/dotnet-framework/thank-you/net472-cht.html]
[dotnet.microsoft.com/en-us/download/dotnet-framework/thank-you/net472-csy.html]
[dotnet.microsoft.com/en-us/download/dotnet-framework/thank-you/net472-dan.html]
[dotnet.microsoft.com/en-us/download/dotnet-framework/thank-you/net472-deu.html]
[dotnet.microsoft.com/en-us/download/dotnet-framework/thank-you/net472-ell.html]
[dotnet.microsoft.com/en-us/download/dotnet-framework/thank-you/net472-esn.html]
[dotnet.microsoft.com/en-us/download/dotnet-framework/thank-you/net472-fin.html]
[dotnet.microsoft.com/en-us/download/dotnet-framework/thank-you/net472-fra.html]
[dotnet.microsoft.com/en-us/download/dotnet-framework/thank-you/net472-heb.html]
[dotnet.microsoft.com/en-us/download/dotnet-framework/thank-you/net472-hun.html]
[dotnet.microsoft.com/en-us/download/dotnet-framework/thank-you/net472-ita.html]
[dotnet.microsoft.com/en-us/download/dotnet-framework/thank-you/net472-jpn.html]
[dotnet.microsoft.com/en-us/download/dotnet-framework/thank-you/net472-kor.html]
[dotnet.microsoft.com/en-us/download/dotnet-framework/thank-you/net472-nld.html]
[dotnet.microsoft.com/en-us/download/dotnet-framework/thank-you/net472-nor.html]
[dotnet.microsoft.com/en-us/download/dotnet-framework/thank-you/net472-plk.html]
[dotnet.microsoft.com/en-us/download/dotnet-framework/thank-you/net472-ptb.html]
[dotnet.microsoft.com/en-us/download/dotnet-framework/thank-you/net472-ptg.html]
[dotnet.microsoft.com/en-us/download/dotnet-framework/thank-you/net472-rus.html]
[dotnet.microsoft.com/en-us/download/dotnet-framework/thank-you/net472-sve.html]
[dotnet.microsoft.com/en-us/download/dotnet-framework/thank-you/net472-trk.html]
[dotnet.microsoft.com/en-us/download/dotnet-framework/thank-you/net471-web-installer.html]
[dotnet.microsoft.com/en-us/download/dotnet-framework/thank-you/net471-developer-pack-offline-installer.html]
[dotnet.microsoft.com/en-us/download/dotnet-framework/thank-you/net471-offline-installer.html]
[dotnet.microsoft.com/en-us/download/dotnet-framework/thank-you/net471-developer-pack-chs.html]
[dotnet.microsoft.com/en-us/download/dotnet-framework/thank-you/net471-developer-pack-cht.html]
[dotnet.microsoft.com/en-us/download/dotnet-framework/thank-you/net471-developer-pack-csy.html]
[dotnet.microsoft.com/en-us/download/dotnet-framework/thank-you/net471-developer-pack-deu.html]
[dotnet.microsoft.com/en-us/download/dotnet-framework/thank-you/net471-developer-pack-esn.html]
[dotnet.microsoft.com/en-us/download/dotnet-framework/thank-you/net471-developer-pack-fra.html]
[dotnet.microsoft.com/en-us/download/dotnet-framework/thank-you/net471-developer-pack-ita.html]
[dotnet.microsoft.com/en-us/download/dotnet-framework/thank-you/net471-developer-pack-jpn.html]
[dotnet.microsoft.com/en-us/download/dotnet-framework/thank-you/net471-developer-pack-kor.html]
[dotnet.microsoft.com/en-us/download/dotnet-framework/thank-you/net471-developer-pack-plk.html]
[dotnet.microsoft.com/en-us/download/dotnet-framework/thank-you/net471-developer-pack-ptb.html]
[dotnet.microsoft.com/en-us/download/dotnet-framework/thank-you/net471-developer-pack-rus.html]
[dotnet.microsoft.com/en-us/download/dotnet-framework/thank-you/net471-developer-pack-trk.html]
[dotnet.microsoft.com/en-us/download/dotnet-framework/thank-you/net471-ara.html]
[dotnet.microsoft.com/en-us/download/dotnet-framework/thank-you/net471-chs.html]
[dotnet.microsoft.com/en-us/download/dotnet-framework/thank-you/net471-cht.html]
[dotnet.microsoft.com/en-us/download/dotnet-framework/thank-you/net471-csy.html]
[dotnet.microsoft.com/en-us/download/dotnet-framework/thank-you/net471-dan.html]
[dotnet.microsoft.com/en-us/download/dotnet-framework/thank-you/net471-deu.html]
[dotnet.microsoft.com/en-us/download/dotnet-framework/thank-you/net471-ell.html]
[dotnet.microsoft.com/en-us/download/dotnet-framework/thank-you/net471-esn.html]
[dotnet.microsoft.com/en-us/download/dotnet-framework/thank-you/net471-fin.html]
[dotnet.microsoft.com/en-us/download/dotnet-framework/thank-you/net471-fra.html]
[dotnet.microsoft.com/en-us/download/dotnet-framework/thank-you/net471-heb.html]
[dotnet.microsoft.com/en-us/download/dotnet-framework/thank-you/net471-hun.html]
[dotnet.microsoft.com/en-us/download/dotnet-framework/thank-you/net471-ita.html]
[dotnet.microsoft.com/en-us/download/dotnet-framework/thank-you/net471-jpn.html]
[dotnet.microsoft.com/en-us/download/dotnet-framework/thank-you/net471-kor.html]
[dotnet.microsoft.com/en-us/download/dotnet-framework/thank-you/net471-nld.html]
[dotnet.microsoft.com/en-us/download/dotnet-framework/thank-you/net471-nor.html]
[dotnet.microsoft.com/en-us/download/dotnet-framework/thank-you/net471-plk.html]
[dotnet.microsoft.com/en-us/download/dotnet-framework/thank-you/net471-ptb.html]
[dotnet.microsoft.com/en-us/download/dotnet-framework/thank-you/net471-ptg.html]
[dotnet.microsoft.com/en-us/download/dotnet-framework/thank-you/net471-rus.html]
[dotnet.microsoft.com/en-us/download/dotnet-framework/thank-you/net471-sve.html]
[dotnet.microsoft.com/en-us/download/dotnet-framework/thank-you/net471-trk.html]
[dotnet.microsoft.com/en-us/download/dotnet-framework/thank-you/net462-web-installer.html]
[dotnet.microsoft.com/en-us/download/dotnet-framework/thank-you/net462-developer-pack-offline-installer.html]
[dotnet.microsoft.com/en-us/download/dotnet-framework/thank-you/net462-offline-installer.html]
[dotnet.microsoft.com/en-us/download/dotnet-framework/thank-you/net462-developer-pack-chs.html]
[dotnet.microsoft.com/en-us/download/dotnet-framework/thank-you/net462-developer-pack-cht.html]
[dotnet.microsoft.com/en-us/download/dotnet-framework/thank-you/net462-developer-pack-csy.html]
[dotnet.microsoft.com/en-us/download/dotnet-framework/thank-you/net462-developer-pack-deu.html]
[dotnet.microsoft.com/en-us/download/dotnet-framework/thank-you/net462-developer-pack-esn.html]
[dotnet.microsoft.com/en-us/download/dotnet-framework/thank-you/net462-developer-pack-fra.html]
[dotnet.microsoft.com/en-us/download/dotnet-framework/thank-you/net462-developer-pack-ita.html]
[dotnet.microsoft.com/en-us/download/dotnet-framework/thank-you/net462-developer-pack-jpn.html]
[dotnet.microsoft.com/en-us/download/dotnet-framework/thank-you/net462-developer-pack-kor.html]
[dotnet.microsoft.com/en-us/download/dotnet-framework/thank-you/net462-developer-pack-plk.html]
[dotnet.microsoft.com/en-us/download/dotnet-framework/thank-you/net462-developer-pack-ptb.html]
[dotnet.microsoft.com/en-us/download/dotnet-framework/thank-you/net462-developer-pack-rus.html]
[dotnet.microsoft.com/en-us/download/dotnet-framework/thank-you/net462-developer-pack-trk.html]
[dotnet.microsoft.com/en-us/download/dotnet-framework/thank-you/net462-ara.html]
[dotnet.microsoft.com/en-us/download/dotnet-framework/thank-you/net462-chs.html]
[dotnet.microsoft.com/en-us/download/dotnet-framework/thank-you/net462-cht.html]
[dotnet.microsoft.com/en-us/download/dotnet-framework/thank-you/net462-csy.html]
[dotnet.microsoft.com/en-us/download/dotnet-framework/thank-you/net462-dan.html]
[dotnet.microsoft.com/en-us/download/dotnet-framework/thank-you/net462-deu.html]
[dotnet.microsoft.com/en-us/download/dotnet-framework/thank-you/net462-ell.html]
[dotnet.microsoft.com/en-us/download/dotnet-framework/thank-you/net462-esn.html]
[dotnet.microsoft.com/en-us/download/dotnet-framework/thank-you/net462-fin.html]
[dotnet.microsoft.com/en-us/download/dotnet-framework/thank-you/net462-fra.html]
[dotnet.microsoft.com/en-us/download/dotnet-framework/thank-you/net462-heb.html]
[dotnet.microsoft.com/en-us/download/dotnet-framework/thank-you/net462-hun.html]
[dotnet.microsoft.com/en-us/download/dotnet-framework/thank-you/net462-ita.html]
[dotnet.microsoft.com/en-us/download/dotnet-framework/thank-you/net462-jpn.html]
[dotnet.microsoft.com/en-us/download/dotnet-framework/thank-you/net462-kor.html]
[dotnet.microsoft.com/en-us/download/dotnet-framework/thank-you/net462-nld.html]
[dotnet.microsoft.com/en-us/download/dotnet-framework/thank-you/net462-nor.html]
[dotnet.microsoft.com/en-us/download/dotnet-framework/thank-you/net462-plk.html]
[dotnet.microsoft.com/en-us/download/dotnet-framework/thank-you/net462-ptb.html]
[dotnet.microsoft.com/en-us/download/dotnet-framework/thank-you/net462-ptg.html]
[dotnet.microsoft.com/en-us/download/dotnet-framework/thank-you/net462-rus.html]
[dotnet.microsoft.com/en-us/download/dotnet-framework/thank-you/net462-sve.html]
[dotnet.microsoft.com/en-us/download/dotnet-framework/thank-you/net462-trk.html]
[dotnet.microsoft.com/en-us/download/dotnet-framework/thank-you/net46-web-installer.html]
[dotnet.microsoft.com/en-us/download/dotnet-framework/thank-you/net46-developer-pack-offline-installer.html]
[dotnet.microsoft.com/en-us/download/dotnet-framework/thank-you/net46-offline-installer.html]
[dotnet.microsoft.com/en-us/download/dotnet-framework/thank-you/net46-developer-pack-chs.html]
[dotnet.microsoft.com/en-us/download/dotnet-framework/thank-you/net46-developer-pack-cht.html]
[dotnet.microsoft.com/en-us/download/dotnet-framework/thank-you/net46-developer-pack-csy.html]
[dotnet.microsoft.com/en-us/download/dotnet-framework/thank-you/net46-developer-pack-deu.html]
[dotnet.microsoft.com/en-us/download/dotnet-framework/thank-you/net46-developer-pack-esn.html]
[dotnet.microsoft.com/en-us/download/dotnet-framework/thank-you/net46-developer-pack-fra.html]
[dotnet.microsoft.com/en-us/download/dotnet-framework/thank-you/net46-developer-pack-ita.html]
[dotnet.microsoft.com/en-us/download/dotnet-framework/thank-you/net46-developer-pack-jpn.html]
[dotnet.microsoft.com/en-us/download/dotnet-framework/thank-you/net46-developer-pack-kor.html]
[dotnet.microsoft.com/en-us/download/dotnet-framework/thank-you/net46-developer-pack-plk.html]
[dotnet.microsoft.com/en-us/download/dotnet-framework/thank-you/net46-developer-pack-ptb.html]
[dotnet.microsoft.com/en-us/download/dotnet-framework/thank-you/net46-developer-pack-rus.html]
[dotnet.microsoft.com/en-us/download/dotnet-framework/thank-you/net46-developer-pack-trk.html]
[dotnet.microsoft.com/en-us/download/dotnet-framework/thank-you/net46-ara.html]
[dotnet.microsoft.com/en-us/download/dotnet-framework/thank-you/net46-chs.html]
[dotnet.microsoft.com/en-us/download/dotnet-framework/thank-you/net46-cht.html]
[dotnet.microsoft.com/en-us/download/dotnet-framework/thank-you/net46-csy.html]
[dotnet.microsoft.com/en-us/download/dotnet-framework/thank-you/net46-dan.html]
[dotnet.microsoft.com/en-us/download/dotnet-framework/thank-you/net46-deu.html]
[dotnet.microsoft.com/en-us/download/dotnet-framework/thank-you/net46-ell.html]
[dotnet.microsoft.com/en-us/download/dotnet-framework/thank-you/net46-esn.html]
[dotnet.microsoft.com/en-us/download/dotnet-framework/thank-you/net46-fin.html]
[dotnet.microsoft.com/en-us/download/dotnet-framework/thank-you/net46-fra.html]
[dotnet.microsoft.com/en-us/download/dotnet-framework/thank-you/net46-heb.html]
[dotnet.microsoft.com/en-us/download/dotnet-framework/thank-you/net46-hun.html]
[dotnet.microsoft.com/en-us/download/dotnet-framework/thank-you/net46-ita.html]
[dotnet.microsoft.com/en-us/download/dotnet-framework/thank-you/net46-jpn.html]
[dotnet.microsoft.com/en-us/download/dotnet-framework/thank-you/net46-kor.html]
[dotnet.microsoft.com/en-us/download/dotnet-framework/thank-you/net46-nld.html]
[dotnet.microsoft.com/en-us/download/dotnet-framework/thank-you/net46-nor.html]
[dotnet.microsoft.com/en-us/download/dotnet-framework/thank-you/net46-plk.html]
[dotnet.microsoft.com/en-us/download/dotnet-framework/thank-you/net46-ptb.html]
[dotnet.microsoft.com/en-us/download/dotnet-framework/thank-you/net46-ptg.html]
[dotnet.microsoft.com/en-us/download/dotnet-framework/thank-you/net46-rus.html]
[dotnet.microsoft.com/en-us/download/dotnet-framework/thank-you/net46-sve.html]
[dotnet.microsoft.com/en-us/download/dotnet-framework/thank-you/net46-trk.html]
[dotnet.microsoft.com/en-us/download/dotnet-framework/thank-you/net452-web-installer.html]
[dotnet.microsoft.com/en-us/download/dotnet-framework/thank-you/net452-developer-pack-offline-installer.html]
[dotnet.microsoft.com/en-us/download/dotnet-framework/thank-you/net452-offline-installer.html]
[dotnet.microsoft.com/en-us/download/dotnet-framework/thank-you/net452-ara.html]
[dotnet.microsoft.com/en-us/download/dotnet-framework/thank-you/net452-chs.html]
[dotnet.microsoft.com/en-us/download/dotnet-framework/thank-you/net452-cht.html]
[dotnet.microsoft.com/en-us/download/dotnet-framework/thank-you/net452-csy.html]
[dotnet.microsoft.com/en-us/download/dotnet-framework/thank-you/net452-dan.html]
[dotnet.microsoft.com/en-us/download/dotnet-framework/thank-you/net452-deu.html]
[dotnet.microsoft.com/en-us/download/dotnet-framework/thank-you/net452-ell.html]
[dotnet.microsoft.com/en-us/download/dotnet-framework/thank-you/net452-esn.html]
[dotnet.microsoft.com/en-us/download/dotnet-framework/thank-you/net452-fin.html]
[dotnet.microsoft.com/en-us/download/dotnet-framework/thank-you/net452-fra.html]
[dotnet.microsoft.com/en-us/download/dotnet-framework/thank-you/net452-heb.html]
[dotnet.microsoft.com/en-us/download/dotnet-framework/thank-you/net452-hun.html]
[dotnet.microsoft.com/en-us/download/dotnet-framework/thank-you/net452-ita.html]
[dotnet.microsoft.com/en-us/download/dotnet-framework/thank-you/net452-jpn.html]
[dotnet.microsoft.com/en-us/download/dotnet-framework/thank-you/net452-kor.html]
[dotnet.microsoft.com/en-us/download/dotnet-framework/thank-you/net452-nld.html]
[dotnet.microsoft.com/en-us/download/dotnet-framework/thank-you/net452-nor.html]
[dotnet.microsoft.com/en-us/download/dotnet-framework/thank-you/net452-plk.html]
[dotnet.microsoft.com/en-us/download/dotnet-framework/thank-you/net452-ptb.html]
[dotnet.microsoft.com/en-us/download/dotnet-framework/thank-you/net452-ptg.html]
[dotnet.microsoft.com/en-us/download/dotnet-framework/thank-you/net452-rus.html]
[dotnet.microsoft.com/en-us/download/dotnet-framework/thank-you/net452-sve.html]
[dotnet.microsoft.com/en-us/download/dotnet-framework/thank-you/net452-trk.html]
[dotnet.microsoft.com/en-us/download/dotnet-framework/thank-you/net45-web-installer.html]
[dotnet.microsoft.com/en-us/platform/support/policy/aspnet/external-packages.html]
[dotnet.microsoft.com/en-us/learn/aspnet/blazor-tutorial.html]
[dotnet.microsoft.com/en-US/learn/aspnet/blazor-tutorial-2.html]
[dotnet.microsoft.com/en-us/learn/aspnet/blazor-cli-tutorial/install5634.html]
[dotnet.microsoft.com/en-us/learn/aspnet/blazor-cli-tutorial/create5634.html]
[dotnet.microsoft.com/en-us/learn/aspnet/blazor-cli-tutorial/run5634.html]
[dotnet.microsoft.com/en-us/learn/aspnet/blazor-cli-tutorial/try5634.html]
[dotnet.microsoft.com/en-us/learn/aspnet/blazor-cli-tutorial/add5634.html]
[dotnet.microsoft.com/en-us/learn/aspnet/blazor-cli-tutorial/modify5634.html]
[dotnet.microsoft.com/en-us/learn/aspnet/blazor-cli-tutorial/next5634.html]
[dotnet.microsoft.com/en-US/learn/aspnet/microservice-tutorial/intro-2.html]
[dotnet.microsoft.com/en-us/learn/aspnet/deploy-microservice-tutorial/docker-hub5634.html]
[dotnet.microsoft.com/en-us/learn/aspnet/deploy-microservice-tutorial/docker-hub1487.html]
[dotnet.microsoft.com/en-us/learn/aspnet/deploy-microservice-tutorial/docker-hubb447.html]
[dotnet.microsoft.com/en-us/learn/aspnet/deploy-microservice-tutorial/azure-tools5634.html]
[dotnet.microsoft.com/en-us/learn/aspnet/deploy-microservice-tutorial/azure-tools1487.html]
[dotnet.microsoft.com/en-us/learn/aspnet/deploy-microservice-tutorial/azure-toolsb447.html]
[dotnet.microsoft.com/en-us/learn/aspnet/deploy-microservice-tutorial/azure-resources5634.html]
[dotnet.microsoft.com/en-us/learn/aspnet/deploy-microservice-tutorial/azure-resources1487.html]
[dotnet.microsoft.com/en-us/learn/aspnet/deploy-microservice-tutorial/azure-resourcesb447.html]
[dotnet.microsoft.com/en-us/learn/aspnet/deploy-microservice-tutorial/deploy5634.html]
[dotnet.microsoft.com/en-us/learn/aspnet/deploy-microservice-tutorial/deploy1487.html]
[dotnet.microsoft.com/en-us/learn/aspnet/deploy-microservice-tutorial/deployb447.html]
[dotnet.microsoft.com/en-us/learn/aspnet/deploy-microservice-tutorial/scale5634.html]
[dotnet.microsoft.com/en-us/learn/aspnet/deploy-microservice-tutorial/scale1487.html]
[dotnet.microsoft.com/en-us/learn/aspnet/deploy-microservice-tutorial/scaleb447.html]
[dotnet.microsoft.com/en-us/learn/aspnet/deploy-microservice-tutorial/clean-up-resources5634.html]
[dotnet.microsoft.com/en-us/learn/aspnet/deploy-microservice-tutorial/clean-up-resources1487.html]
[dotnet.microsoft.com/en-us/learn/aspnet/deploy-microservice-tutorial/clean-up-resourcesb447.html]
[dotnet.microsoft.com/en-us/learn/aspnet/deploy-microservice-tutorial/next5634.html]
[dotnet.microsoft.com/en-us/learn/aspnet/deploy-microservice-tutorial/next1487.html]
[dotnet.microsoft.com/en-us/learn/aspnet/deploy-microservice-tutorial/nextb447.html]
